$ date
Thursday 18 December  10:44:57 AEDT 2014
$ git checkout master
Already on 'master'
$ git reset --hard stable
HEAD is now at 2dbfca5a1819 Merge branch 'for-next' of git://git.kernel.org/pub/scm/linux/kernel/git/cooloney/linux-leds
Merging origin/master (87c31b39abcb Merge branch 'for-linus' of git://git.kernel.org/pub/scm/linux/kernel/git/ebiederm/user-namespace)
$ git merge origin/master
Updating 2dbfca5a1819..87c31b39abcb
Fast-forward
 .../bindings/input/{cap1106.txt => cap11xx.txt}    |   26 +-
 .../devicetree/bindings/input/elan_i2c.txt         |   34 +
 .../devicetree/bindings/input/elants_i2c.txt       |   33 +
 .../devicetree/bindings/input/gpio-keys.txt        |   10 +-
 .../devicetree/bindings/mtd/atmel-nand.txt         |    6 +-
 .../devicetree/bindings/mtd/diskonchip.txt         |   15 +
 .../devicetree/bindings/mtd/gpio-control-nand.txt  |   14 +-
 .../devicetree/bindings/mtd/sunxi-nand.txt         |   45 +
 .../devicetree/bindings/pwm/atmel-hlcdc-pwm.txt    |   29 +
 .../devicetree/bindings/pwm/pwm-bcm2835.txt        |   30 +
 .../devicetree/bindings/thermal/armada-thermal.txt |    8 -
 .../bindings/thermal/rockchip-thermal.txt          |   68 +
 .../devicetree/bindings/thermal/tegra-soctherm.txt |   53 +
 .../devicetree/bindings/vendor-prefixes.txt        |    1 +
 Documentation/kernel-parameters.txt                |   18 +
 MAINTAINERS                                        |    9 +-
 arch/arm/boot/dts/am437x-sk-evm.dts                |   15 +-
 arch/arm/boot/dts/armada-375.dtsi                  |   11 +
 arch/arm/boot/dts/at91-sama5d4ek.dts               |    4 +-
 arch/arm/boot/dts/at91sam9260.dtsi                 |   14 +
 arch/arm/boot/dts/at91sam9261.dtsi                 |   14 +
 arch/arm/boot/dts/at91sam9263.dtsi                 |   21 +
 arch/arm/boot/dts/at91sam9g20ek_common.dtsi        |   14 +
 arch/arm/boot/dts/at91sam9g45.dtsi                 |   46 +
 arch/arm/boot/dts/at91sam9m10g45ek.dts             |    9 +
 arch/arm/boot/dts/at91sam9rl.dtsi                  |   21 +
 arch/arm/boot/dts/dra7-evm.dts                     |    4 +-
 arch/arm/boot/dts/dra7.dtsi                        |    2 +-
 arch/arm/boot/dts/dra72-evm.dts                    |    2 +-
 arch/arm/boot/dts/dra7xx-clocks.dtsi               |    6 +-
 arch/arm/boot/dts/omap2430-sdp.dts                 |   32 +-
 arch/arm/boot/dts/sama5d4.dtsi                     |   75 +-
 arch/arm/boot/dts/tegra114.dtsi                    |   23 +-
 arch/arm/boot/dts/tegra124-jetson-tk1.dts          |   44 +
 arch/arm/boot/dts/tegra124.dtsi                    |   66 +-
 arch/arm/boot/dts/tegra30.dtsi                     |   25 +-
 arch/arm/configs/multi_v7_defconfig                |    2 +-
 arch/arm/configs/omap2plus_defconfig               |    2 +
 arch/arm/configs/shmobile_defconfig                |    3 +-
 arch/arm/include/asm/dma-mapping.h                 |   13 +-
 arch/arm/kernel/setup.c                            |    2 +
 arch/arm/mach-omap2/clock.h                        |    2 -
 arch/arm/mach-omap2/id.c                           |    8 +-
 arch/arm/mach-omap2/soc.h                          |    1 +
 arch/arm/mm/dma-mapping.c                          |   84 +-
 arch/arm64/kernel/psci.c                           |    2 +
 arch/arm64/mm/dump.c                               |    5 +-
 arch/ia64/kernel/perfmon.c                         |   10 -
 arch/microblaze/include/asm/pgtable.h              |    1 +
 arch/microblaze/kernel/dma.c                       |   27 +
 arch/microblaze/mm/consistent.c                    |   25 +-
 arch/s390/kernel/compat_linux.c                    |    2 +-
 arch/tile/gxio/mpipe.c                             |    4 +
 arch/tile/include/asm/io.h                         |    5 +-
 arch/tile/include/asm/pgtable.h                    |    4 +-
 arch/tile/include/asm/pgtable_64.h                 |    2 +-
 arch/tile/include/uapi/asm/ptrace.h                |   16 +-
 arch/tile/include/uapi/asm/sigcontext.h            |   14 +-
 arch/tile/kernel/hardwall.c                        |    6 +-
 arch/tile/kernel/irq.c                             |    5 +-
 arch/tile/kernel/kgdb.c                            |    6 +-
 arch/tile/kernel/kprobes.c                         |    3 +-
 arch/tile/kernel/machine_kexec.c                   |   28 +-
 arch/tile/kernel/messaging.c                       |    5 +-
 arch/tile/kernel/module.c                          |   12 +-
 arch/tile/kernel/pci.c                             |    7 +-
 arch/tile/kernel/pci_gx.c                          |   95 +-
 arch/tile/kernel/process.c                         |   16 +-
 arch/tile/kernel/setup.c                           |   36 +-
 arch/tile/kernel/signal.c                          |   20 +-
 arch/tile/kernel/single_step.c                     |    6 +-
 arch/tile/kernel/smpboot.c                         |    5 +-
 arch/tile/kernel/stack.c                           |    7 +-
 arch/tile/kernel/time.c                            |    4 +-
 arch/tile/kernel/traps.c                           |   10 +-
 arch/tile/kernel/unaligned.c                       |   22 +-
 arch/tile/mm/fault.c                               |   34 +-
 arch/tile/mm/homecache.c                           |    6 +-
 arch/tile/mm/hugetlbpage.c                         |   18 +-
 arch/tile/mm/init.c                                |   32 +-
 arch/tile/mm/pgtable.c                             |    4 +-
 arch/x86/include/asm/pgtable_types.h               |    1 +
 arch/x86/include/asm/xen/page.h                    |   64 +-
 arch/x86/mm/fault.c                                |    2 +-
 arch/x86/mm/pageattr.c                             |   20 +
 arch/x86/xen/mmu.c                                 |   40 +-
 arch/x86/xen/p2m.c                                 | 1172 ++++++----------
 arch/x86/xen/setup.c                               |  441 +++---
 arch/x86/xen/xen-ops.h                             |    6 +-
 arch/xtensa/Kconfig                                |   56 +-
 arch/xtensa/Kconfig.debug                          |    4 +-
 arch/xtensa/Makefile                               |    1 -
 arch/xtensa/boot/boot-elf/boot.lds.S               |    2 +
 arch/xtensa/boot/boot-elf/bootstrap.S              |   10 +-
 arch/xtensa/boot/boot-uboot/Makefile               |    4 +
 arch/xtensa/configs/iss_defconfig                  |    3 +-
 arch/xtensa/configs/s6105_defconfig                |  615 ---------
 arch/xtensa/include/asm/cacheflush.h               |    7 +-
 arch/xtensa/include/asm/highmem.h                  |    2 +-
 arch/xtensa/include/asm/initialize_mmu.h           |   40 +-
 arch/xtensa/include/asm/mmu_context.h              |    4 -
 arch/xtensa/include/asm/nommu_context.h            |    4 +
 arch/xtensa/include/asm/page.h                     |   12 +-
 arch/xtensa/include/asm/pgtable.h                  |    1 +
 arch/xtensa/include/asm/uaccess.h                  |    4 +-
 arch/xtensa/include/asm/vectors.h                  |    7 +-
 arch/xtensa/include/uapi/asm/mman.h                |    6 +
 arch/xtensa/kernel/head.S                          |    5 +
 arch/xtensa/kernel/syscall.c                       |    2 +
 arch/xtensa/mm/Makefile                            |    4 +-
 arch/xtensa/mm/init.c                              |   19 +-
 arch/xtensa/platforms/s6105/Makefile               |    3 -
 arch/xtensa/platforms/s6105/device.c               |  161 ---
 .../xtensa/platforms/s6105/include/platform/gpio.h |   27 -
 .../platforms/s6105/include/platform/hardware.h    |   11 -
 .../platforms/s6105/include/platform/serial.h      |    8 -
 arch/xtensa/platforms/s6105/setup.c                |   73 -
 .../platforms/xtfpga/include/platform/hardware.h   |    4 +-
 arch/xtensa/variants/s6000/Makefile                |    4 -
 arch/xtensa/variants/s6000/delay.c                 |   25 -
 arch/xtensa/variants/s6000/dmac.c                  |  173 ---
 arch/xtensa/variants/s6000/gpio.c                  |  230 ----
 arch/xtensa/variants/s6000/include/variant/core.h  |  431 ------
 arch/xtensa/variants/s6000/include/variant/dmac.h  |  387 ------
 arch/xtensa/variants/s6000/include/variant/gpio.h  |    6 -
 .../variants/s6000/include/variant/hardware.h      |  259 ----
 arch/xtensa/variants/s6000/include/variant/irq.h   |    8 -
 .../variants/s6000/include/variant/tie-asm.h       |  304 -----
 arch/xtensa/variants/s6000/include/variant/tie.h   |  191 ---
 arch/xtensa/variants/s6000/irq.c                   |   74 -
 drivers/hwmon/lm75.c                               |    9 +-
 drivers/hwmon/ntc_thermistor.c                     |    6 +-
 drivers/hwmon/tmp102.c                             |    6 +-
 drivers/input/gameport/gameport.c                  |    4 +-
 drivers/input/input.c                              |    4 +-
 drivers/input/joystick/xpad.c                      |    8 +-
 drivers/input/keyboard/Kconfig                     |    8 +-
 drivers/input/keyboard/Makefile                    |    2 +-
 drivers/input/keyboard/amikbd.c                    |   47 +-
 drivers/input/keyboard/atkbd.c                     |    6 +-
 drivers/input/keyboard/cap1106.c                   |  341 -----
 drivers/input/keyboard/cap11xx.c                   |  376 +++++
 drivers/input/keyboard/gpio_keys.c                 |   37 +-
 drivers/input/keyboard/lm8323.c                    |    2 +
 drivers/input/keyboard/lpc32xx-keys.c              |   92 +-
 drivers/input/keyboard/mpr121_touchkey.c           |   42 +-
 drivers/input/keyboard/pxa27x_keypad.c             |   84 +-
 drivers/input/misc/88pm860x_onkey.c                |    6 +-
 drivers/input/misc/ad714x-i2c.c                    |    6 +-
 drivers/input/misc/ad714x-spi.c                    |    6 +-
 drivers/input/misc/adxl34x-i2c.c                   |    6 +-
 drivers/input/misc/adxl34x-spi.c                   |    6 +-
 drivers/input/misc/drv260x.c                       |    6 +-
 drivers/input/misc/drv2667.c                       |    6 +-
 drivers/input/misc/gp2ap002a00f.c                  |    6 +-
 drivers/input/misc/ims-pcu.c                       |    4 +-
 drivers/input/misc/kxtj9.c                         |    6 +-
 drivers/input/misc/max77693-haptic.c               |    6 +-
 drivers/input/misc/max8925_onkey.c                 |    6 +-
 drivers/input/misc/max8997_haptic.c                |    4 +-
 drivers/input/misc/palmas-pwrbutton.c              |    6 +-
 drivers/input/misc/pm8xxx-vibrator.c               |    4 +-
 drivers/input/misc/pmic8xxx-pwrkey.c               |    6 +-
 drivers/input/misc/pwm-beeper.c                    |    6 +-
 drivers/input/misc/sirfsoc-onkey.c                 |    4 +-
 drivers/input/misc/twl4030-vibra.c                 |    6 +-
 drivers/input/misc/twl6040-vibra.c                 |    4 +-
 drivers/input/mouse/Kconfig                        |   30 +
 drivers/input/mouse/Makefile                       |    5 +
 drivers/input/mouse/cyapa.c                        |  289 ++--
 drivers/input/mouse/elan_i2c.h                     |   86 ++
 drivers/input/mouse/elan_i2c_core.c                | 1137 ++++++++++++++++
 drivers/input/mouse/elan_i2c_i2c.c                 |  611 +++++++++
 drivers/input/mouse/elan_i2c_smbus.c               |  514 +++++++
 drivers/input/mouse/lifebook.h                     |    6 +-
 drivers/input/mouse/navpoint.c                     |    6 +-
 drivers/input/mouse/synaptics_i2c.c                |    6 +-
 drivers/input/serio/altera_ps2.c                   |   81 +-
 drivers/input/serio/i8042-x86ia64io.h              |   10 +
 drivers/input/serio/serio.c                        |    4 +-
 drivers/input/serio/serio_raw.c                    |    4 +-
 drivers/input/touchscreen/Kconfig                  |   25 +
 drivers/input/touchscreen/Makefile                 |    2 +
 drivers/input/touchscreen/ad7877.c                 |    6 +-
 drivers/input/touchscreen/ad7879.c                 |    6 +-
 drivers/input/touchscreen/ads7846.c                |    6 +-
 drivers/input/touchscreen/atmel_mxt_ts.c           |    6 +-
 drivers/input/touchscreen/auo-pixcir-ts.c          |    6 +-
 drivers/input/touchscreen/cy8ctmg110_ts.c          |    6 +-
 drivers/input/touchscreen/cyttsp_core.c            |    7 +-
 drivers/input/touchscreen/edt-ft5x06.c             |    6 +-
 drivers/input/touchscreen/eeti_ts.c                |    6 +-
 drivers/input/touchscreen/egalax_ts.c              |    6 +-
 drivers/input/touchscreen/elants_i2c.c             | 1271 +++++++++++++++++
 drivers/input/touchscreen/goodix.c                 |  395 ++++++
 drivers/input/touchscreen/ili210x.c                |    6 +-
 drivers/input/touchscreen/ipaq-micro-ts.c          |    6 +-
 drivers/input/touchscreen/mms114.c                 |    6 +-
 drivers/input/touchscreen/pixcir_i2c_ts.c          |    6 +-
 drivers/input/touchscreen/st1232.c                 |    7 +-
 drivers/input/touchscreen/tsc2005.c                |    6 +-
 drivers/input/touchscreen/ucb1400_ts.c             |    6 +-
 drivers/input/touchscreen/wacom_i2c.c              |    6 +-
 drivers/input/touchscreen/zforce_ts.c              |    6 +-
 drivers/iommu/Kconfig                              |    4 +-
 drivers/iommu/iommu.c                              |    2 +-
 drivers/iommu/of_iommu.c                           |   89 ++
 drivers/memory/fsl_ifc.c                           |   13 +-
 drivers/mtd/Kconfig                                |    2 +-
 drivers/mtd/bcm47xxpart.c                          |   28 +-
 drivers/mtd/chips/cfi_cmdset_0001.c                |    3 +-
 drivers/mtd/devices/docg3.c                        |  122 +-
 drivers/mtd/devices/m25p80.c                       |   30 +-
 drivers/mtd/devices/mtd_dataflash.c                |    6 +-
 drivers/mtd/devices/phram.c                        |    2 +-
 drivers/mtd/devices/pmc551.c                       |    3 +-
 drivers/mtd/inftlmount.c                           |    2 +-
 drivers/mtd/maps/bfin-async-flash.c                |    1 -
 drivers/mtd/maps/physmap_of.c                      |    8 +-
 drivers/mtd/nand/Kconfig                           |   12 +-
 drivers/mtd/nand/Makefile                          |    1 +
 drivers/mtd/nand/atmel_nand.c                      |  120 +-
 drivers/mtd/nand/atmel_nand_ecc.h                  |    4 +
 drivers/mtd/nand/cafe_nand.c                       |   45 -
 drivers/mtd/nand/fsl_ifc_nand.c                    |   10 +-
 drivers/mtd/nand/gpio.c                            |    4 +-
 drivers/mtd/nand/gpmi-nand/gpmi-lib.c              |  153 +++
 drivers/mtd/nand/gpmi-nand/gpmi-nand.c             |  201 +++
 drivers/mtd/nand/gpmi-nand/gpmi-nand.h             |    6 +
 drivers/mtd/nand/mxc_nand.c                        |   10 +-
 drivers/mtd/nand/nand_base.c                       |   12 +-
 drivers/mtd/nand/nand_ids.c                        |    1 +
 drivers/mtd/nand/nandsim.c                         |   42 +-
 drivers/mtd/nand/omap2.c                           |   24 +-
 drivers/mtd/nand/orion_nand.c                      |   39 +-
 drivers/mtd/nand/sunxi_nand.c                      | 1432 ++++++++++++++++++++
 drivers/mtd/spi-nor/fsl-quadspi.c                  |   23 +-
 drivers/mtd/spi-nor/spi-nor.c                      |  313 +++--
 drivers/mtd/tests/oobtest.c                        |   77 +-
 drivers/mtd/tests/torturetest.c                    |    4 +-
 drivers/of/platform.c                              |   50 +-
 drivers/pwm/Kconfig                                |   22 +-
 drivers/pwm/Makefile                               |    2 +
 drivers/pwm/pwm-atmel-hlcdc.c                      |  299 ++++
 drivers/pwm/pwm-bcm2835.c                          |  205 +++
 drivers/pwm/pwm-fsl-ftm.c                          |   64 +-
 drivers/staging/android/ashmem.c                   |    2 +-
 drivers/thermal/Kconfig                            |   32 +
 drivers/thermal/Makefile                           |    5 +
 drivers/thermal/armada_thermal.c                   |   20 -
 drivers/thermal/clock_cooling.c                    |  485 +++++++
 drivers/thermal/int340x_thermal/acpi_thermal_rel.c |   12 +-
 drivers/thermal/int340x_thermal/int3400_thermal.c  |   80 +-
 drivers/thermal/int340x_thermal/int3403_thermal.c  |    4 +-
 drivers/thermal/intel_powerclamp.c                 |    1 +
 drivers/thermal/intel_soc_dts_thermal.c            |   12 +-
 drivers/thermal/of-thermal.c                       |  148 +-
 drivers/thermal/rockchip_thermal.c                 |  693 ++++++++++
 drivers/thermal/samsung/exynos_thermal_common.h    |    1 -
 drivers/thermal/samsung/exynos_tmu.c               |  692 +++++++---
 drivers/thermal/samsung/exynos_tmu.h               |  123 +-
 drivers/thermal/samsung/exynos_tmu_data.c          |  239 +---
 drivers/thermal/samsung/exynos_tmu_data.h          |  159 ---
 drivers/thermal/tegra_soctherm.c                   |  476 +++++++
 drivers/thermal/thermal_core.c                     |    8 +-
 drivers/thermal/thermal_core.h                     |   18 +
 drivers/thermal/ti-soc-thermal/ti-thermal-common.c |    8 +-
 drivers/vfio/Kconfig                               |    2 +-
 drivers/vfio/pci/Kconfig                           |    8 +
 drivers/vfio/pci/vfio_pci.c                        |    5 +-
 drivers/vfio/pci/vfio_pci_config.c                 |    7 +
 drivers/virtio/virtio_balloon.c                    |   57 +-
 fs/Makefile                                        |    2 +-
 fs/coda/dir.c                                      |    4 +-
 fs/fuse/cuse.c                                     |    2 +-
 fs/fuse/dev.c                                      |   29 +
 fs/fuse/dir.c                                      |  538 +++-----
 fs/fuse/file.c                                     |  230 ++--
 fs/fuse/fuse_i.h                                   |   45 +-
 fs/fuse/inode.c                                    |   39 +-
 fs/inode.c                                         |   11 +-
 fs/internal.h                                      |    5 +
 fs/ioctl.c                                         |    2 +-
 fs/isofs/rock.c                                    |    6 +
 fs/jffs2/readinode.c                               |    2 +-
 fs/jffs2/summary.c                                 |    1 +
 fs/lockd/mon.c                                     |    2 +-
 fs/lockd/svc.c                                     |    2 +-
 fs/mount.h                                         |    3 +-
 fs/namei.c                                         |   98 +-
 fs/namespace.c                                     |   69 +-
 fs/nfsd/nfs4proc.c                                 |   57 +-
 fs/nfsd/nfs4state.c                                |   68 +-
 fs/nfsd/nfs4xdr.c                                  |   34 +-
 fs/nfsd/nfscache.c                                 |    4 +-
 fs/nfsd/nfsctl.c                                   |    6 +-
 fs/nfsd/nfsfh.c                                    |    2 +-
 fs/nfsd/nfssvc.c                                   |    2 +-
 fs/nfsd/state.h                                    |   19 +-
 fs/nfsd/vfs.c                                      |   37 +-
 fs/nfsd/vfs.h                                      |    2 +
 fs/nfsd/xdr4.h                                     |    9 +
 fs/nsfs.c                                          |  161 +++
 fs/open.c                                          |    5 +-
 fs/pnode.c                                         |    1 +
 fs/proc/base.c                                     |   53 +
 fs/proc/inode.c                                    |   10 +-
 fs/proc/internal.h                                 |    2 +-
 fs/proc/namespaces.c                               |  153 +--
 fs/reiserfs/super.c                                |    3 +
 include/asm-generic/vmlinux.lds.h                  |    2 +
 include/dt-bindings/thermal/tegra124-soctherm.h    |   13 +
 include/linux/clock_cooling.h                      |   65 +
 include/linux/cred.h                               |    1 +
 include/linux/dma-mapping.h                        |   13 +-
 include/linux/fs.h                                 |    3 +-
 include/linux/fsl_ifc.h                            |   21 +-
 include/linux/ftrace.h                             |    7 +
 include/linux/iommu.h                              |    8 +
 include/linux/ipc_namespace.h                      |    3 +-
 include/linux/mtd/nand.h                           |   18 +-
 include/linux/mtd/spi-nor.h                        |   11 +-
 include/linux/namei.h                              |   25 +-
 include/linux/ns_common.h                          |   12 +
 include/linux/of_iommu.h                           |   23 +
 include/linux/pid_namespace.h                      |    3 +-
 include/linux/proc_ns.h                            |   43 +-
 include/linux/sunrpc/svc.h                         |   34 +-
 include/linux/sunrpc/svc_xprt.h                    |    7 +-
 include/linux/thermal.h                            |   73 +-
 include/linux/user_namespace.h                     |   15 +-
 include/linux/utsname.h                            |    3 +-
 include/linux/virtio.h                             |    2 +-
 include/net/net_namespace.h                        |    3 +-
 include/trace/events/sunrpc.h                      |  120 +-
 include/uapi/linux/Kbuild                          |    2 +
 include/{ => uapi}/linux/kcmp.h                    |    6 +-
 include/uapi/linux/magic.h                         |    1 +
 include/uapi/linux/thermal.h                       |   35 +
 include/uapi/linux/virtio_balloon.h                |    1 +
 init/main.c                                        |    6 +
 init/version.c                                     |    5 +-
 ipc/msgutil.c                                      |    5 +-
 ipc/namespace.c                                    |   32 +-
 kernel/groups.c                                    |   11 +-
 kernel/nsproxy.c                                   |   10 +-
 kernel/pid.c                                       |    5 +-
 kernel/pid_namespace.c                             |   29 +-
 kernel/sysctl.c                                    |    7 +
 kernel/trace/trace.c                               |   25 +-
 kernel/trace/trace.h                               |   14 +
 kernel/trace/trace_events.c                        |   42 +-
 kernel/trace/trace_syscalls.c                      |    7 +-
 kernel/uid16.c                                     |    2 +-
 kernel/user.c                                      |    6 +-
 kernel/user_namespace.c                            |  153 ++-
 kernel/utsname.c                                   |   31 +-
 mm/madvise.c                                       |    2 +-
 mm/memory.c                                        |    6 +-
 net/Makefile                                       |    2 -
 net/core/net_namespace.c                           |   39 +-
 net/nonet.c                                        |   26 -
 net/socket.c                                       |   19 -
 net/sunrpc/auth_gss/svcauth_gss.c                  |    2 +-
 net/sunrpc/cache.c                                 |   26 +-
 net/sunrpc/svc.c                                   |   42 +-
 net/sunrpc/svc_xprt.c                              |  292 ++--
 net/sunrpc/svcsock.c                               |    5 +-
 net/sunrpc/xdr.c                                   |    9 +-
 security/integrity/ima/Kconfig                     |    2 +-
 security/keys/encrypted-keys/encrypted.c           |    5 +-
 security/keys/key.c                                |   10 +-
 tools/testing/selftests/Makefile                   |    1 +
 .../selftests/breakpoints/breakpoint_test.c        |   10 +-
 tools/testing/selftests/ipc/msgque.c               |   26 +-
 tools/testing/selftests/kcmp/Makefile              |   22 +-
 tools/testing/selftests/kcmp/kcmp_test.c           |   27 +-
 tools/testing/selftests/kselftest.h                |   62 +
 .../selftests/mount/unprivileged-remount-test.c    |  204 ++-
 tools/testing/selftests/net/Makefile               |    8 +-
 tools/testing/selftests/net/test_bpf.sh            |   10 +
 tools/testing/selftests/size/.gitignore            |    1 +
 tools/testing/selftests/size/Makefile              |   12 +
 tools/testing/selftests/size/get_size.c            |  100 ++
 tools/testing/selftests/timers/posix_timers.c      |   14 +-
 tools/testing/selftests/user/Makefile              |    8 +-
 tools/testing/selftests/user/test_user_copy.sh     |   10 +
 387 files changed, 14655 insertions(+), 8002 deletions(-)
 rename Documentation/devicetree/bindings/input/{cap1106.txt => cap11xx.txt} (64%)
 create mode 100644 Documentation/devicetree/bindings/input/elan_i2c.txt
 create mode 100644 Documentation/devicetree/bindings/input/elants_i2c.txt
 create mode 100644 Documentation/devicetree/bindings/mtd/diskonchip.txt
 create mode 100644 Documentation/devicetree/bindings/mtd/sunxi-nand.txt
 create mode 100644 Documentation/devicetree/bindings/pwm/atmel-hlcdc-pwm.txt
 create mode 100644 Documentation/devicetree/bindings/pwm/pwm-bcm2835.txt
 create mode 100644 Documentation/devicetree/bindings/thermal/rockchip-thermal.txt
 create mode 100644 Documentation/devicetree/bindings/thermal/tegra-soctherm.txt
 delete mode 100644 arch/xtensa/configs/s6105_defconfig
 delete mode 100644 arch/xtensa/platforms/s6105/Makefile
 delete mode 100644 arch/xtensa/platforms/s6105/device.c
 delete mode 100644 arch/xtensa/platforms/s6105/include/platform/gpio.h
 delete mode 100644 arch/xtensa/platforms/s6105/include/platform/hardware.h
 delete mode 100644 arch/xtensa/platforms/s6105/include/platform/serial.h
 delete mode 100644 arch/xtensa/platforms/s6105/setup.c
 delete mode 100644 arch/xtensa/variants/s6000/Makefile
 delete mode 100644 arch/xtensa/variants/s6000/delay.c
 delete mode 100644 arch/xtensa/variants/s6000/dmac.c
 delete mode 100644 arch/xtensa/variants/s6000/gpio.c
 delete mode 100644 arch/xtensa/variants/s6000/include/variant/core.h
 delete mode 100644 arch/xtensa/variants/s6000/include/variant/dmac.h
 delete mode 100644 arch/xtensa/variants/s6000/include/variant/gpio.h
 delete mode 100644 arch/xtensa/variants/s6000/include/variant/hardware.h
 delete mode 100644 arch/xtensa/variants/s6000/include/variant/irq.h
 delete mode 100644 arch/xtensa/variants/s6000/include/variant/tie-asm.h
 delete mode 100644 arch/xtensa/variants/s6000/include/variant/tie.h
 delete mode 100644 arch/xtensa/variants/s6000/irq.c
 delete mode 100644 drivers/input/keyboard/cap1106.c
 create mode 100644 drivers/input/keyboard/cap11xx.c
 create mode 100644 drivers/input/mouse/elan_i2c.h
 create mode 100644 drivers/input/mouse/elan_i2c_core.c
 create mode 100644 drivers/input/mouse/elan_i2c_i2c.c
 create mode 100644 drivers/input/mouse/elan_i2c_smbus.c
 create mode 100644 drivers/input/touchscreen/elants_i2c.c
 create mode 100644 drivers/input/touchscreen/goodix.c
 create mode 100644 drivers/mtd/nand/sunxi_nand.c
 create mode 100644 drivers/pwm/pwm-atmel-hlcdc.c
 create mode 100644 drivers/pwm/pwm-bcm2835.c
 create mode 100644 drivers/thermal/clock_cooling.c
 create mode 100644 drivers/thermal/rockchip_thermal.c
 delete mode 100644 drivers/thermal/samsung/exynos_tmu_data.h
 create mode 100644 drivers/thermal/tegra_soctherm.c
 create mode 100644 fs/nsfs.c
 create mode 100644 include/dt-bindings/thermal/tegra124-soctherm.h
 create mode 100644 include/linux/clock_cooling.h
 create mode 100644 include/linux/ns_common.h
 rename include/{ => uapi}/linux/kcmp.h (62%)
 create mode 100644 include/uapi/linux/thermal.h
 delete mode 100644 net/nonet.c
 create mode 100644 tools/testing/selftests/kselftest.h
 create mode 100755 tools/testing/selftests/net/test_bpf.sh
 create mode 100644 tools/testing/selftests/size/.gitignore
 create mode 100644 tools/testing/selftests/size/Makefile
 create mode 100644 tools/testing/selftests/size/get_size.c
 create mode 100755 tools/testing/selftests/user/test_user_copy.sh
Merging fixes/master (b94d525e58dc Merge git://git.kernel.org/pub/scm/linux/kernel/git/davem/net)
$ git merge fixes/master
Already up-to-date.
Merging kbuild-current/rc-fixes (f114040e3ea6 Linux 3.18-rc1)
$ git merge kbuild-current/rc-fixes
Already up-to-date.
Merging arc-current/for-curr (2ce7598c9a45 Linux 3.17-rc4)
$ git merge arc-current/for-curr
Already up-to-date.
Merging arm-current/fixes (3f4aa45ceea5 ARM: 8226/1: cacheflush: get rid of restarting block)
$ git merge arm-current/fixes
Already up-to-date.
Merging m68k-current/for-linus (f0b99a643e96 m68k/mm: Eliminate memset after alloc_bootmem_pages)
$ git merge m68k-current/for-linus
Already up-to-date.
Merging metag-fixes/fixes (ffe6902b66aa asm-generic: remove _STK_LIM_MAX)
$ git merge metag-fixes/fixes
Already up-to-date.
Merging mips-fixes/mips-fixes (1795cd9b3a91 Linux 3.16-rc5)
$ git merge mips-fixes/mips-fixes
Already up-to-date.
Merging powerpc-merge/merge (31345e1a071e powerpc/pci: Remove unused force_32bit_msi quirk)
$ git merge powerpc-merge/merge
Already up-to-date.
Merging powerpc-merge-mpe/fixes (b2776bf7149b Linux 3.18)
$ git merge powerpc-merge-mpe/fixes
Already up-to-date.
Merging sparc/master (f96fe225677b Merge git://git.kernel.org/pub/scm/linux/kernel/git/davem/net)
$ git merge sparc/master
Already up-to-date.
Merging net/master (65891feac27e net: Disallow providing non zero VLAN ID for NIC drivers FDB add flow)
$ git merge net/master
Merge made by the 'recursive' strategy.
 Documentation/networking/fib_trie.txt           |  4 +-
 drivers/bluetooth/ath3k.c                       |  2 +
 drivers/bluetooth/btusb.c                       |  1 +
 drivers/net/dsa/Kconfig                         |  2 +-
 drivers/net/ethernet/broadcom/Kconfig           |  4 +-
 drivers/net/ethernet/cadence/macb.c             | 25 +++-----
 drivers/net/ethernet/cirrus/cs89x0.c            | 27 ++++----
 drivers/net/ethernet/freescale/fec_main.c       | 19 ++----
 drivers/net/ethernet/intel/i40e/i40e_main.c     |  5 ++
 drivers/net/ethernet/mellanox/mlx4/en_netdev.c  | 11 +++-
 drivers/net/ethernet/mellanox/mlx4/fw.c         | 30 +++++----
 drivers/net/ethernet/mellanox/mlx4/fw.h         |  1 +
 drivers/net/ethernet/mellanox/mlx4/main.c       | 62 ++++++++++--------
 drivers/net/ethernet/smsc/Kconfig               |  2 +-
 drivers/net/ethernet/stmicro/stmmac/dwmac-sti.c | 10 +--
 drivers/net/macvtap.c                           | 30 +++++++--
 drivers/net/phy/Kconfig                         |  4 +-
 drivers/net/phy/Makefile                        |  2 +-
 drivers/net/phy/{fixed.c => fixed_phy.c}        |  0
 drivers/net/tun.c                               | 26 +++++++-
 drivers/net/wireless/brcm80211/brcmsmac/main.c  |  2 +-
 drivers/net/wireless/hostap/hostap_cs.c         | 15 ++---
 drivers/net/wireless/rtlwifi/rtl8192ce/hw.c     |  2 +
 drivers/net/wireless/rtlwifi/rtl8192cu/hw.c     |  2 +-
 drivers/net/wireless/rtlwifi/rtl8821ae/dm.c     | 11 ++--
 drivers/net/wireless/zd1211rw/zd_chip.c         |  6 +-
 drivers/net/xen-netfront.c                      | 11 +---
 include/linux/phy_fixed.h                       |  2 +-
 include/uapi/linux/if_tun.h                     |  3 +-
 net/bluetooth/hci_conn.c                        |  2 +-
 net/bluetooth/hci_core.c                        | 60 ++++++++++-------
 net/bluetooth/hci_event.c                       | 20 ++++++
 net/bluetooth/l2cap_core.c                      |  5 +-
 net/bluetooth/mgmt.c                            | 85 +++++++++++++++++--------
 net/bluetooth/smp.c                             |  5 +-
 net/core/rtnetlink.c                            |  5 ++
 net/ipv4/ip_gre.c                               |  9 +--
 net/ipv4/ip_tunnel.c                            |  9 +++
 net/rds/message.c                               |  3 +-
 39 files changed, 327 insertions(+), 197 deletions(-)
 rename drivers/net/phy/{fixed.c => fixed_phy.c} (100%)
Merging ipsec/master (f855691975bb xfrm6: Fix the nexthdr offset in _decode_session6.)
$ git merge ipsec/master
Merge made by the 'recursive' strategy.
 net/ipv6/xfrm6_policy.c | 10 ++++++++--
 1 file changed, 8 insertions(+), 2 deletions(-)
Merging sound-current/for-linus (7327643ba158 ALSA: hda - Add quirk for Packard Bell EasyNote MX65)
$ git merge sound-current/for-linus
Auto-merging sound/soc/samsung/i2s.c
Merge made by the 'recursive' strategy.
 sound/firewire/oxfw/oxfw-pcm.c    |  6 +++---
 sound/firewire/oxfw/oxfw-proc.c   |  2 +-
 sound/firewire/oxfw/oxfw-stream.c |  3 ++-
 sound/firewire/oxfw/oxfw.c        |  2 +-
 sound/pci/hda/hda_generic.c       | 10 +++++-----
 sound/pci/hda/hda_generic.h       |  9 ++++++++-
 sound/pci/hda/hda_sysfs.c         |  2 +-
 sound/pci/hda/patch_analog.c      | 42 ++++++++++++++++++++++++++++++++++++++-
 sound/pci/hda/patch_conexant.c    |  4 ++--
 sound/pci/hda/patch_hdmi.c        |  6 +++++-
 sound/pci/hda/patch_realtek.c     |  8 ++++++++
 sound/pci/hda/patch_via.c         |  2 +-
 sound/soc/atmel/atmel_ssc_dai.c   |  2 +-
 sound/soc/codecs/Kconfig          |  2 ++
 sound/soc/codecs/pcm512x-i2c.c    |  7 ++++++-
 sound/soc/codecs/rt5645.c         |  4 ++++
 sound/soc/intel/sst/sst_acpi.c    | 10 +++++-----
 sound/soc/samsung/i2s.c           |  2 ++
 sound/usb/quirks.c                |  5 +++--
 19 files changed, 101 insertions(+), 27 deletions(-)
Merging pci-current/for-linus (5106787a9e08 PCI: tegra: Use physical range for I/O mapping)
$ git merge pci-current/for-linus
Already up-to-date.
Merging wireless/master (9a1dce3a0591 rtlwifi: rtl8192ce: Set fw_ready flag)
$ git merge wireless/master
Already up-to-date.
Merging driver-core.current/driver-core-linus (2dbfca5a1819 Merge branch 'for-next' of git://git.kernel.org/pub/scm/linux/kernel/git/cooloney/linux-leds)
$ git merge driver-core.current/driver-core-linus
Already up-to-date.
Merging tty.current/tty-linus (2dbfca5a1819 Merge branch 'for-next' of git://git.kernel.org/pub/scm/linux/kernel/git/cooloney/linux-leds)
$ git merge tty.current/tty-linus
Already up-to-date.
Merging usb.current/usb-linus (2dbfca5a1819 Merge branch 'for-next' of git://git.kernel.org/pub/scm/linux/kernel/git/cooloney/linux-leds)
$ git merge usb.current/usb-linus
Already up-to-date.
Merging usb-gadget-fixes/fixes (520fe7633692 usb: dwc3: ep0: fix for dead code)
$ git merge usb-gadget-fixes/fixes
Already up-to-date.
Merging usb-serial-fixes/usb-linus (009d0431c391 Linux 3.18-rc7)
$ git merge usb-serial-fixes/usb-linus
Already up-to-date.
Merging staging.current/staging-linus (2dbfca5a1819 Merge branch 'for-next' of git://git.kernel.org/pub/scm/linux/kernel/git/cooloney/linux-leds)
$ git merge staging.current/staging-linus
Already up-to-date.
Merging char-misc.current/char-misc-linus (67e2c3883828 Merge branch 'next' of git://git.kernel.org/pub/scm/linux/kernel/git/jmorris/linux-security)
$ git merge char-misc.current/char-misc-linus
Already up-to-date.
Merging input-current/for-linus (f20c86cd75f1 Merge branch 'next' into for-linus)
$ git merge input-current/for-linus
Already up-to-date.
Merging md-current/for-linus (d47648fcf061 raid5: avoid finding "discard" stripe)
$ git merge md-current/for-linus
Already up-to-date.
Merging crypto-current/master (8606813a6c89 crypto: tcrypt - Allow speed testing of arbitrary hash functions)
$ git merge crypto-current/master
Already up-to-date.
Merging ide/master (f96fe225677b Merge git://git.kernel.org/pub/scm/linux/kernel/git/davem/net)
$ git merge ide/master
Already up-to-date.
Merging dwmw2/master (5950f0803ca9 pcmcia: remove RPX board stuff)
$ git merge dwmw2/master
Already up-to-date.
Merging devicetree-current/devicetree/merge (094cb98179f1 of/fdt: memblock_reserve /memreserve/ regions in the case of partial overlap)
$ git merge devicetree-current/devicetree/merge
Already up-to-date.
Merging rr-fixes/fixes (3438cf549d2f param: fix crash on bad kernel arguments)
$ git merge rr-fixes/fixes
Already up-to-date.
Merging vfio-fixes/for-linus (239a87020b26 Merge branch 'for-joerg/arm-smmu/fixes' of git://git.kernel.org/pub/scm/linux/kernel/git/will/linux into for-linus)
$ git merge vfio-fixes/for-linus
Already up-to-date.
Merging kselftest-fixes/fixes (3ce51050fadd selftest: size: Add size test for Linux kernel)
$ git merge kselftest-fixes/fixes
Already up-to-date.
Merging drm-intel-fixes/for-linux-next-fixes (b0616c5306b3 drm/i915: Unlock panel even when LVDS is disabled)
$ git merge drm-intel-fixes/for-linux-next-fixes
Already up-to-date.
Merging asm-generic/master (cb61f6769b88 ARM64: use GENERIC_PCI_IOMAP)
$ git merge asm-generic/master
Already up-to-date.
Merging arc/for-next (7a70bf797a58 ARC: rename default defconfig)
$ git merge arc/for-next
Removing arch/arc/configs/fpga_noramfs_defconfig
Merge made by the 'recursive' strategy.
 arch/arc/Kconfig                                   |  1 +
 arch/arc/Makefile                                  |  2 +-
 arch/arc/boot/dts/nsimosci.dts                     | 18 +++----
 arch/arc/configs/fpga_noramfs_defconfig            | 63 ----------------------
 .../configs/{fpga_defconfig => nsim_700_defconfig} |  0
 arch/arc/include/asm/irqflags.h                    |  9 ++++
 arch/arc/kernel/smp.c                              |  2 +
 7 files changed, 22 insertions(+), 73 deletions(-)
 delete mode 100644 arch/arc/configs/fpga_noramfs_defconfig
 rename arch/arc/configs/{fpga_defconfig => nsim_700_defconfig} (100%)
Merging arm/for-next (e9f2d6d66037 Merge branch 'devel-stable' into for-next)
$ git merge arm/for-next
Already up-to-date.
Merging arm-perf/for-next/perf (cac7f2429872 Linux 3.18-rc2)
$ git merge arm-perf/for-next/perf
Already up-to-date.
Merging arm-soc/for-next (d6ad36913083 clocksource: arch_timer: Only use the virtual counter (CNTVCT) on arm64)
$ git merge arm-soc/for-next
Merge made by the 'recursive' strategy.
 drivers/clocksource/arm_arch_timer.c | 2 +-
 1 file changed, 1 insertion(+), 1 deletion(-)
Merging bcm2835/for-next (b2776bf7149b Linux 3.18)
$ git merge bcm2835/for-next
Already up-to-date.
Merging berlin/berlin/for-next (91bcb334bf0b Merge branch 'berlin/dt' into berlin/for-next)
$ git merge berlin/berlin/for-next
Already up-to-date!
Merge made by the 'recursive' strategy.
Merging cortex-m/for-next (f0d7515372ff ARM: v7m: add trivial suspend support)
$ git merge cortex-m/for-next
Already up-to-date.
Merging ep93xx/ep93xx-for-next (bfb0709fd17b Merge branch 'ep93xx-fixes' into ep93xx-for-next)
$ git merge ep93xx/ep93xx-for-next
Merge made by the 'recursive' strategy.
Merging imx-mxs/for-next (8a73e870fc56 Merge tag 'imx-dt-3.19' into for-next)
$ git merge imx-mxs/for-next
Already up-to-date!
Merge made by the 'recursive' strategy.
Merging ixp4xx/next (19f949f52599 Linux 3.8)
$ git merge ixp4xx/next
Already up-to-date.
Merging keystone/next (b17275a4a6cc Merge branch 'for_3.19/soc' into next)
$ git merge keystone/next
Already up-to-date!
Merge made by the 'recursive' strategy.
Merging msm/for-next (81cf1e061d00 ARM: msm: Rename msm devicetrees to have standard 'qcom' prefix)
$ git merge msm/for-next
Already up-to-date.
Merging mvebu/for-next (9993917cbc99 Merge branch 'mvebu/dt-usb_phy' into mvebu/for-next)
$ git merge mvebu/for-next
Already up-to-date!
Merge made by the 'recursive' strategy.
Merging renesas/next (b56fb445a83f Merge branch 'heads/defconfig-fixes-for-v3.19' into next)
$ git merge renesas/next
Already up-to-date!
Merge made by the 'recursive' strategy.
Merging samsung/for-next (9db7d78aca2c Merge branch 'v3.19-next/dt-samsung-3' into for-next)
$ git merge samsung/for-next
Resolved 'arch/arm64/Kconfig' using previous resolution.
Auto-merging arch/arm64/boot/dts/Makefile
Auto-merging arch/arm64/Kconfig
CONFLICT (content): Merge conflict in arch/arm64/Kconfig
Auto-merging arch/arm/configs/exynos_defconfig
Automatic merge failed; fix conflicts and then commit the result.
$ git commit -v -a
[master 1480fc11e37d] Merge remote-tracking branch 'samsung/for-next'
$ git diff -M --stat --summary HEAD^..
 .../devicetree/bindings/arm/samsung/pmu.txt        |    1 +
 .../devicetree/bindings/clock/exynos4415-clock.txt |   38 +
 .../devicetree/bindings/clock/exynos7-clock.txt    |   93 ++
 arch/arm/configs/exynos_defconfig                  |    3 +-
 arch/arm/plat-samsung/cpu.c                        |    4 +
 arch/arm64/Kconfig                                 |   17 +
 arch/arm64/boot/dts/Makefile                       |    1 +
 arch/arm64/boot/dts/exynos/Makefile                |    5 +
 arch/arm64/boot/dts/exynos/exynos7-espresso.dts    |   84 ++
 arch/arm64/boot/dts/exynos/exynos7-pinctrl.dtsi    |  588 ++++++++++
 arch/arm64/boot/dts/exynos/exynos7.dtsi            |  530 +++++++++
 drivers/clk/samsung/Makefile                       |    2 +
 drivers/clk/samsung/clk-exynos4415.c               | 1142 ++++++++++++++++++++
 drivers/clk/samsung/clk-exynos5260.c               |  185 +---
 drivers/clk/samsung/clk-exynos7.c                  |  743 +++++++++++++
 drivers/clk/samsung/clk-pll.c                      |   25 +-
 drivers/clk/samsung/clk-pll.h                      |    4 +
 drivers/clk/samsung/clk.c                          |   98 ++
 drivers/clk/samsung/clk.h                          |   37 +
 include/dt-bindings/clock/exynos4415.h             |  360 ++++++
 include/dt-bindings/clock/exynos7-clk.h            |   92 ++
 21 files changed, 3887 insertions(+), 165 deletions(-)
 create mode 100644 Documentation/devicetree/bindings/clock/exynos4415-clock.txt
 create mode 100644 Documentation/devicetree/bindings/clock/exynos7-clock.txt
 create mode 100644 arch/arm64/boot/dts/exynos/Makefile
 create mode 100644 arch/arm64/boot/dts/exynos/exynos7-espresso.dts
 create mode 100644 arch/arm64/boot/dts/exynos/exynos7-pinctrl.dtsi
 create mode 100644 arch/arm64/boot/dts/exynos/exynos7.dtsi
 create mode 100644 drivers/clk/samsung/clk-exynos4415.c
 create mode 100644 drivers/clk/samsung/clk-exynos7.c
 create mode 100644 include/dt-bindings/clock/exynos4415.h
 create mode 100644 include/dt-bindings/clock/exynos7-clk.h
Merging sunxi/sunxi/for-next (ad01dbad5626 Merge branch 'sunxi/clocks-for-3.19' into sunxi/for-next)
$ git merge sunxi/sunxi/for-next
Merge made by the 'recursive' strategy.
 Documentation/devicetree/bindings/clock/sunxi.txt |  31 ++-
 arch/arm/boot/dts/sun4i-a10.dtsi                  |  12 +-
 arch/arm/boot/dts/sun5i-a10s.dtsi                 |  12 +-
 arch/arm/boot/dts/sun5i-a13.dtsi                  |  12 +-
 arch/arm/boot/dts/sun6i-a31.dtsi                  |  12 +-
 arch/arm/boot/dts/sun7i-a20.dtsi                  |  12 +-
 arch/arm/boot/dts/sun8i-a23.dtsi                  |  12 +-
 drivers/clk/sunxi/Makefile                        |   1 +
 drivers/clk/sunxi/clk-a20-gmac.c                  |   7 +-
 drivers/clk/sunxi/clk-factors.c                   |   2 +-
 drivers/clk/sunxi/clk-factors.h                   |   3 +-
 drivers/clk/sunxi/clk-mod0.c                      |   1 +
 drivers/clk/sunxi/clk-sun8i-mbus.c                |   1 +
 drivers/clk/sunxi/clk-sun9i-core.c                | 271 ++++++++++++++++++++++
 drivers/clk/sunxi/clk-sunxi.c                     |  85 ++++---
 15 files changed, 380 insertions(+), 94 deletions(-)
 create mode 100644 drivers/clk/sunxi/clk-sun9i-core.c
Merging tegra/for-next (fa047e01365d Merge branch for-3.19/soc into for-next)
$ git merge tegra/for-next
Already up-to-date!
Merge made by the 'recursive' strategy.
Merging arm64/for-next/core (fb59d007a0e4 arm64: mm: dump: don't skip final region)
$ git merge arm64/for-next/core
Already up-to-date.
Merging blackfin/for-linus (275f5a8573e7 blackfin: defconfigs: cleanup unused CONFIG_MTD_CHAR, add MTD_SPI_NOR for BF537-STAMP)
$ git merge blackfin/for-linus
Merge made by the 'recursive' strategy.
 arch/blackfin/configs/BF518F-EZBRD_defconfig    |  1 -
 arch/blackfin/configs/BF527-TLL6527M_defconfig  |  1 -
 arch/blackfin/configs/BF533-EZKIT_defconfig     |  1 -
 arch/blackfin/configs/BF533-STAMP_defconfig     |  1 -
 arch/blackfin/configs/BF537-STAMP_defconfig     |  3 ++-
 arch/blackfin/configs/BF538-EZKIT_defconfig     |  1 -
 arch/blackfin/configs/BF561-ACVILON_defconfig   |  1 -
 arch/blackfin/configs/BF561-EZKIT-SMP_defconfig |  1 -
 arch/blackfin/configs/BF561-EZKIT_defconfig     |  1 -
 arch/blackfin/configs/CM-BF527_defconfig        |  1 -
 arch/blackfin/configs/CM-BF533_defconfig        |  1 -
 arch/blackfin/configs/CM-BF537E_defconfig       |  1 -
 arch/blackfin/configs/CM-BF537U_defconfig       |  1 -
 arch/blackfin/configs/CM-BF548_defconfig        |  1 -
 arch/blackfin/configs/CM-BF561_defconfig        |  1 -
 arch/blackfin/configs/DNP5370_defconfig         |  1 -
 arch/blackfin/configs/IP0X_defconfig            |  1 -
 arch/blackfin/configs/PNAV-10_defconfig         |  1 -
 arch/blackfin/configs/SRV1_defconfig            |  1 -
 arch/blackfin/configs/TCM-BF518_defconfig       |  1 -
 arch/blackfin/configs/TCM-BF537_defconfig       |  1 -
 arch/blackfin/kernel/kgdb.c                     | 12 ++++--------
 arch/blackfin/mach-bf609/boards/ezkit.c         |  8 ++++----
 23 files changed, 10 insertions(+), 33 deletions(-)
Merging c6x/for-linux-next (ae72758f1dd9 c6x: fix build failure caused by cache.h)
$ git merge c6x/for-linux-next
Already up-to-date.
Merging cris/for-next (21bd887cd7c4 CRISv32: Remove last remnants of ETRAX_SPI_MMC_BOARD)
$ git merge cris/for-next
Auto-merging scripts/headers.sh
Auto-merging arch/cris/include/asm/Kbuild
Auto-merging arch/cris/arch-v32/drivers/sync_serial.c
Auto-merging arch/cris/arch-v32/drivers/Kconfig
Merge made by the 'recursive' strategy.
 arch/cris/arch-v10/lib/usercopy.c                |   14 +-
 arch/cris/arch-v32/drivers/Kconfig               |    8 +-
 arch/cris/arch-v32/drivers/Makefile              |    1 -
 arch/cris/arch-v32/drivers/i2c.h                 |    1 -
 arch/cris/arch-v32/drivers/sync_serial.c         | 1430 ++++++++++++----------
 arch/cris/arch-v32/kernel/debugport.c            |   82 +-
 arch/cris/arch-v32/kernel/time.c                 |   29 +-
 arch/cris/arch-v32/lib/usercopy.c                |   15 +-
 arch/cris/arch-v32/mach-fs/pinmux.c              |  152 +--
 arch/cris/include/arch-v32/mach-fs/mach/pinmux.h |    2 -
 arch/cris/include/asm/Kbuild                     |    4 -
 arch/cris/include/uapi/asm/Kbuild                |    4 +-
 arch/cris/kernel/crisksyms.c                     |    9 +-
 arch/cris/kernel/traps.c                         |   61 +-
 arch/cris/mm/init.c                              |   38 +-
 arch/cris/mm/ioremap.c                           |    3 +-
 scripts/headers.sh                               |    2 -
 17 files changed, 1039 insertions(+), 816 deletions(-)
Merging hexagon/linux-next (8914d7e85780 Hexagon: fix signal delivery for debug traps)
$ git merge hexagon/linux-next
Merge made by the 'recursive' strategy.
 arch/hexagon/include/asm/cache.h      |  4 +++-
 arch/hexagon/include/asm/cacheflush.h | 36 ++++++++++++++++++-----------------
 arch/hexagon/include/asm/io.h         |  5 -----
 arch/hexagon/kernel/setup.c           |  1 +
 arch/hexagon/kernel/traps.c           |  4 ++--
 arch/hexagon/kernel/vmlinux.lds.S     |  4 ++--
 arch/hexagon/mm/cache.c               | 10 ++++++++++
 arch/hexagon/mm/ioremap.c             |  1 +
 8 files changed, 38 insertions(+), 27 deletions(-)
Merging ia64/next (0fd2468fd035 Merge branch 'misc-3.19' into next)
$ git merge ia64/next
Merge made by the 'recursive' strategy.
 arch/ia64/include/asm/percpu.h | 4 ++--
 1 file changed, 2 insertions(+), 2 deletions(-)
Merging m68k/for-next (f0b99a643e96 m68k/mm: Eliminate memset after alloc_bootmem_pages)
$ git merge m68k/for-next
Already up-to-date.
Merging m68knommu/for-next (0259650b4cf7 m68knommu: fix irq handler types in 68360/commproc.c)
$ git merge m68knommu/for-next
Merge made by the 'recursive' strategy.
 arch/m68k/68360/commproc.c       |  8 ++++----
 arch/m68k/include/asm/commproc.h | 24 +-----------------------
 2 files changed, 5 insertions(+), 27 deletions(-)
Merging metag/for-next (f93125ae17d1 metag: cachepart: Fix failure check)
$ git merge metag/for-next
Already up-to-date.
Merging microblaze/next (3a8e3265179b microblaze: Fix mmap for cache coherent memory)
$ git merge microblaze/next
Already up-to-date.
Merging mips/mips-for-linux-next (79d2311c46a7 Merge branch '3.19-fixes' into mips-for-linux-next)
$ git merge mips/mips-for-linux-next
Merge made by the 'recursive' strategy.
 arch/mips/configs/malta_defconfig   | 16 ++++----------
 arch/mips/include/asm/checksum.h    | 40 ++++++++++++----------------------
 arch/mips/include/asm/fpu.h         | 43 ++++++++++++++++++++++---------------
 arch/mips/include/uapi/asm/unistd.h | 15 +++++++------
 arch/mips/kernel/scall32-o32.S      |  1 +
 arch/mips/kernel/scall64-64.S       |  1 +
 arch/mips/kernel/scall64-n32.S      |  1 +
 arch/mips/kernel/scall64-o32.S      |  1 +
 8 files changed, 57 insertions(+), 61 deletions(-)
Merging nios2/nios2-next (f1f2eac9124b nios2/uaccess: fix sparse errors)
$ git merge nios2/nios2-next
Merge made by the 'recursive' strategy.
 arch/nios2/Makefile              | 2 ++
 arch/nios2/include/asm/io.h      | 2 ++
 arch/nios2/include/asm/uaccess.h | 4 ++--
 3 files changed, 6 insertions(+), 2 deletions(-)
Merging openrisc/for-upstream (548dafe880ad openrisc: Use get_signal() signal_setup_done())
$ git merge openrisc/for-upstream
Already up-to-date.
Merging parisc/for-next (6c700d71f7fa [PARISC] hpux: Remove obsolete regs parameter from do_execve() in hpux_execve())
$ git merge parisc/for-next
Already up-to-date.
Merging parisc-hd/for-next (aa47b141a43a parisc: fix out-of-register compiler error in ldcw inline assembler function)
$ git merge parisc-hd/for-next
Merge made by the 'recursive' strategy.
 arch/parisc/include/asm/ldcw.h | 13 ++++++++++---
 1 file changed, 10 insertions(+), 3 deletions(-)
Merging powerpc/next (d557b09800da powerpc/mm/thp: Use tlbiel if possible)
$ git merge powerpc/next
Already up-to-date.
Merging powerpc-mpe/next (c8742f85125d powerpc/powernv: Expose OPAL firmware symbol map)
$ git merge powerpc-mpe/next
Auto-merging include/uapi/linux/audit.h
Auto-merging drivers/i2c/busses/Makefile
Auto-merging drivers/i2c/busses/Kconfig
Auto-merging drivers/cpuidle/cpuidle-powernv.c
Auto-merging arch/powerpc/include/asm/ppc-opcode.h
Merge made by the 'recursive' strategy.
 Documentation/devicetree/bindings/i2c/i2c-opal.txt |  37 +++
 arch/powerpc/include/asm/cpuidle.h                 |  20 ++
 arch/powerpc/include/asm/opal.h                    |  42 +++
 arch/powerpc/include/asm/paca.h                    |  10 +
 arch/powerpc/include/asm/ppc-opcode.h              |   2 +
 arch/powerpc/include/asm/processor.h               |   3 +-
 arch/powerpc/include/asm/reg.h                     |   4 +
 arch/powerpc/include/asm/syscall.h                 |   6 +-
 arch/powerpc/kernel/asm-offsets.c                  |  11 +
 arch/powerpc/kernel/exceptions-64s.S               |  35 ++-
 arch/powerpc/kernel/idle_power7.S                  | 344 ++++++++++++++++++---
 arch/powerpc/kernel/smp.c                          |   9 +-
 arch/powerpc/perf/hv-24x7.c                        |  23 +-
 arch/powerpc/platforms/powernv/opal-wrappers.S     |  39 +++
 arch/powerpc/platforms/powernv/opal.c              |  50 ++-
 arch/powerpc/platforms/powernv/powernv.h           |   2 +
 arch/powerpc/platforms/powernv/setup.c             | 166 ++++++++++
 arch/powerpc/platforms/powernv/smp.c               |  13 +-
 arch/powerpc/platforms/powernv/subcore.c           |  34 ++
 arch/powerpc/platforms/powernv/subcore.h           |   9 +-
 drivers/cpuidle/cpuidle-powernv.c                  |  10 +-
 drivers/i2c/busses/Kconfig                         |  11 +
 drivers/i2c/busses/Makefile                        |   1 +
 drivers/i2c/busses/i2c-opal.c                      | 294 ++++++++++++++++++
 drivers/misc/cxl/context.c                         |  26 +-
 drivers/misc/cxl/cxl.h                             |   9 +-
 drivers/misc/cxl/file.c                            |   6 +-
 drivers/misc/cxl/native.c                          |  12 +-
 drivers/misc/cxl/pci.c                             |   2 +-
 drivers/misc/cxl/sysfs.c                           |  10 +-
 include/uapi/linux/audit.h                         |   2 +
 31 files changed, 1138 insertions(+), 104 deletions(-)
 create mode 100644 Documentation/devicetree/bindings/i2c/i2c-opal.txt
 create mode 100644 arch/powerpc/include/asm/cpuidle.h
 create mode 100644 drivers/i2c/busses/i2c-opal.c
Merging fsl/next (76f3e2929bb6 powerpc/config: Enable memory driver)
$ git merge fsl/next
Already up-to-date.
Merging mpc5xxx/next (9e813308a5c1 powerpc/thp: Add tracepoints to track hugepage invalidate)
$ git merge mpc5xxx/next
Already up-to-date.
Merging s390/features (351997810131 s390/cputime: fix 31-bit compile)
$ git merge s390/features
Already up-to-date.
Merging sparc-next/master (9f935675d41a Merge branch 'for-linus' of git://git.kernel.org/pub/scm/linux/kernel/git/dtor/input)
$ git merge sparc-next/master
Already up-to-date.
Merging tile/master (c47b15c4928c arch/tile: update MAINTAINERS email to EZchip)
$ git merge tile/master
Already up-to-date.
Merging uml/next (989e59fa41c5 um: Include generic barrier.h)
$ git merge uml/next
Resolved 'arch/um/include/asm/Kbuild' using previous resolution.
Removing arch/x86/um/shared/sysdep/skas_ptrace.h
Removing arch/um/sys-ppc/shared/sysdep/skas_ptrace.h
Removing arch/um/sys-ia64/sysdep/skas_ptrace.h
Auto-merging arch/um/os-Linux/skas/process.c
Auto-merging arch/um/kernel/um_arch.c
Auto-merging arch/um/kernel/trap.c
Auto-merging arch/um/kernel/ptrace.c
Removing arch/um/include/shared/skas_ptrace.h
Removing arch/um/include/shared/skas/proc_mm.h
Auto-merging arch/um/include/shared/os.h
Auto-merging arch/um/include/asm/Kbuild
CONFLICT (content): Merge conflict in arch/um/include/asm/Kbuild
Automatic merge failed; fix conflicts and then commit the result.
$ git commit -v -a
[master 2d27607f24a6] Merge remote-tracking branch 'uml/next'
$ git diff -M --stat --summary HEAD^..
 arch/um/include/shared/os.h                 |   2 -
 arch/um/include/shared/skas/proc_mm.h       |  44 ------
 arch/um/include/shared/skas/skas.h          |   3 -
 arch/um/include/shared/skas_ptrace.h        |  14 --
 arch/um/kernel/ptrace.c                     |  32 ----
 arch/um/kernel/reboot.c                     |  35 ++---
 arch/um/kernel/skas/mmu.c                   |  68 +++------
 arch/um/kernel/skas/process.c               |  27 ----
 arch/um/kernel/trap.c                       |   2 +-
 arch/um/kernel/um_arch.c                    |  10 --
 arch/um/os-Linux/process.c                  |  16 --
 arch/um/os-Linux/skas/mem.c                 | 100 ++----------
 arch/um/os-Linux/skas/process.c             | 200 ++++++------------------
 arch/um/os-Linux/start_up.c                 | 154 -------------------
 arch/um/sys-ia64/sysdep/skas_ptrace.h       |  22 ---
 arch/um/sys-ppc/shared/sysdep/skas_ptrace.h |  22 ---
 arch/x86/um/ldt.c                           | 227 ++++++----------------------
 arch/x86/um/shared/sysdep/faultinfo_32.h    |   3 -
 arch/x86/um/shared/sysdep/faultinfo_64.h    |   3 -
 arch/x86/um/shared/sysdep/skas_ptrace.h     |  22 ---
 20 files changed, 148 insertions(+), 858 deletions(-)
 delete mode 100644 arch/um/include/shared/skas/proc_mm.h
 delete mode 100644 arch/um/include/shared/skas_ptrace.h
 delete mode 100644 arch/um/sys-ia64/sysdep/skas_ptrace.h
 delete mode 100644 arch/um/sys-ppc/shared/sysdep/skas_ptrace.h
 delete mode 100644 arch/x86/um/shared/sysdep/skas_ptrace.h
Merging unicore32/unicore32 (d670878e2c9a unicore32: Remove ARCH_HAS_CPUFREQ config option)
$ git merge unicore32/unicore32
Already up-to-date.
Merging xtensa/for_next (1f2fdbd0078c xtensa: disable link optimization)
$ git merge xtensa/for_next
Already up-to-date.
Merging btrfs/next (1edb647bb954 Btrfs: remove non-sense btrfs_error_discard_extent() function)
$ git merge btrfs/next
Merge made by the 'recursive' strategy.
 fs/btrfs/ctree.h            |  4 ++--
 fs/btrfs/disk-io.c          |  6 ------
 fs/btrfs/extent-tree.c      | 23 +++++++++++------------
 fs/btrfs/free-space-cache.c | 12 +++++++-----
 4 files changed, 20 insertions(+), 25 deletions(-)
Merging ceph/master (388cfdc9bc19 libceph: require cephx message signature by default)
$ git merge ceph/master
Auto-merging fs/ceph/inode.c
Auto-merging fs/ceph/dir.c
Merge made by the 'recursive' strategy.
 fs/ceph/caps.c                     |  3 +-
 fs/ceph/dir.c                      | 23 ++++++++----
 fs/ceph/inode.c                    | 13 ++++---
 fs/ceph/locks.c                    | 64 +++++++++++++++++++++++++++-----
 fs/ceph/mds_client.c               | 31 +++++++++++++---
 fs/ceph/mds_client.h               |  6 +++
 fs/ceph/snap.c                     | 35 ++++++++++++++----
 fs/ceph/super.c                    |  6 +++
 fs/ceph/super.h                    | 40 +++++++++++++++++---
 include/linux/ceph/auth.h          | 26 +++++++++++++
 include/linux/ceph/buffer.h        |  3 +-
 include/linux/ceph/ceph_features.h |  1 +
 include/linux/ceph/ceph_fs.h       |  7 +++-
 include/linux/ceph/libceph.h       |  2 +-
 include/linux/ceph/messenger.h     |  9 ++++-
 include/linux/ceph/msgr.h          | 11 +++++-
 net/ceph/auth_x.c                  | 76 ++++++++++++++++++++++++++++++++++----
 net/ceph/auth_x.h                  |  1 +
 net/ceph/buffer.c                  |  4 +-
 net/ceph/ceph_common.c             | 21 +++++++----
 net/ceph/messenger.c               | 34 +++++++++++++++--
 net/ceph/osd_client.c              | 16 ++++++++
 22 files changed, 360 insertions(+), 72 deletions(-)
Merging cifs/for-next (97c7134ae22f Fix signed/unsigned pointer warning)
$ git merge cifs/for-next
Merge made by the 'recursive' strategy.
 fs/cifs/cifsglob.h      |  6 +++---
 fs/cifs/netmisc.c       | 12 +++++++-----
 fs/cifs/smb2misc.c      | 12 +++++++-----
 fs/cifs/smb2ops.c       |  3 ++-
 fs/cifs/smb2pdu.h       |  2 +-
 fs/cifs/smb2transport.c |  2 +-
 6 files changed, 21 insertions(+), 16 deletions(-)
Merging configfs/linux-next (b930c26416c4 Merge branch 'for-linus' of git://git.kernel.org/pub/scm/linux/kernel/git/mason/linux-btrfs)
$ git merge configfs/linux-next
Already up-to-date.
Merging ecryptfs/next (942080643bce eCryptfs: Remove buggy and unnecessary write in file name decode routine)
$ git merge ecryptfs/next
Auto-merging fs/ecryptfs/main.c
Auto-merging fs/ecryptfs/file.c
Auto-merging fs/ecryptfs/crypto.c
Merge made by the 'recursive' strategy.
 fs/ecryptfs/crypto.c   |  1 -
 fs/ecryptfs/file.c     | 12 ------------
 fs/ecryptfs/keystore.c |  6 +++---
 fs/ecryptfs/main.c     | 16 +++++++++++++---
 4 files changed, 16 insertions(+), 19 deletions(-)
Merging ext3/for_next (f54e18f1b831 isofs: Fix infinite looping over CE entries)
$ git merge ext3/for_next
Already up-to-date.
Merging ext4/dev (50db71abc529 ext4: ext4_da_convert_inline_data_to_extent drop locked page after error)
$ git merge ext4/dev
Already up-to-date.
Merging f2fs/dev (635aee1fefef f2fs: avoid to ra unneeded blocks in recover flow)
$ git merge f2fs/dev
Already up-to-date.
Merging fscache/fscache (1a8ed18fb7db cachefiles: remove two unused pagevecs.)
$ git merge fscache/fscache
Resolved 'fs/fscache/object.c' using previous resolution.
Auto-merging fs/fscache/object.c
CONFLICT (content): Merge conflict in fs/fscache/object.c
Automatic merge failed; fix conflicts and then commit the result.
$ git commit -v -a
[master 23176ddfd002] Merge remote-tracking branch 'fscache/fscache'
$ git diff -M --stat --summary HEAD^..
Merging fuse/for-next (1c68271cf1bf fuse: use file_inode() in fuse_file_fallocate())
$ git merge fuse/for-next
Already up-to-date.
Merging gfs2/master (ec7d879c4576 GFS2: gfs2_atomic_open(): simplify the use of finish_no_open())
$ git merge gfs2/master
Already up-to-date.
Merging jfs/jfs-next (bb5e50aaa805 fs/jfs/super.c: convert simple_str to kstr)
$ git merge jfs/jfs-next
Already up-to-date.
Merging logfs/master (339466142b3f Fix the call to BUG() caused by no free segment found)
$ git merge logfs/master
Auto-merging fs/logfs/super.c
Merge made by the 'recursive' strategy.
 fs/logfs/dev_mtd.c | 2 +-
 fs/logfs/super.c   | 6 +++---
 2 files changed, 4 insertions(+), 4 deletions(-)
Merging nfs/linux-next (388f0c776781 sunrpc: add a debugfs rpc_xprt directory with an info file in it)
$ git merge nfs/linux-next
Already up-to-date.
Merging nfsd/nfsd-next (3c0aeb6da065 nfsd: fi_delegees doesn't need to be an atomic_t)
$ git merge nfsd/nfsd-next
Auto-merging fs/nfsd/nfs4state.c
Merge made by the 'recursive' strategy.
 fs/nfsd/nfs4state.c | 8 ++++----
 fs/nfsd/state.h     | 2 +-
 2 files changed, 5 insertions(+), 5 deletions(-)
Merging omfs/for-next (976d167615b6 Linux 3.1-rc9)
$ git merge omfs/for-next
Already up-to-date.
Merging overlayfs/overlayfs-next (2b7a8f36f092 ovl: add testsuite to docs)
$ git merge overlayfs/overlayfs-next
Auto-merging fs/overlayfs/readdir.c
Merge made by the 'recursive' strategy.
 Documentation/filesystems/overlayfs.txt |  24 ++
 fs/overlayfs/copy_up.c                  |   5 +-
 fs/overlayfs/dir.c                      |  28 +-
 fs/overlayfs/inode.c                    |  12 +-
 fs/overlayfs/overlayfs.h                |  18 +-
 fs/overlayfs/readdir.c                  | 145 ++++-----
 fs/overlayfs/super.c                    | 546 +++++++++++++++++++++-----------
 7 files changed, 482 insertions(+), 296 deletions(-)
Merging squashfs/master (62421645bb70 Squashfs: Add LZ4 compression configuration option)
$ git merge squashfs/master
Already up-to-date.
Merging v9fs/for-next (f15844e0777f 9P: fix return value in v9fs_fid_xattr_set)
$ git merge v9fs/for-next
Already up-to-date.
Merging ubifs/linux-next (f38aed975c0c UBI: Fix invalid vfree())
$ git merge ubifs/linux-next
Already up-to-date.
Merging xfs/for-next (6044e4386cd5 Merge branch 'xfs-misc-fixes-for-3.19-2' into for-next)
$ git merge xfs/for-next
Already up-to-date.
Merging file-locks/linux-next (1b2b32dcdb3d locks: fix fcntl_setlease/getlease return when !CONFIG_FILE_LOCKING)
$ git merge file-locks/linux-next
Already up-to-date.
Merging vfs/for-next (9d4d65748a5c vfs: make mounts and mountstats honor root dir like mountinfo does)
$ git merge vfs/for-next
Merge made by the 'recursive' strategy.
 .../lustre/lustre/include/linux/lustre_compat25.h  | 24 ----------------------
 drivers/staging/lustre/lustre/llite/dir.c          |  2 +-
 drivers/staging/lustre/lustre/llite/llite_lib.c    | 17 +--------------
 fs/binfmt_misc.c                                   |  7 +++----
 fs/btrfs/volumes.c                                 |  2 +-
 fs/ext4/move_extent.c                              |  4 ----
 fs/kernfs/file.c                                   | 22 --------------------
 fs/proc_namespace.c                                | 16 +++++++++++----
 include/linux/migrate.h                            | 10 ---------
 include/linux/mm.h                                 |  2 --
 include/linux/uio.h                                |  5 +++++
 init/do_mounts.c                                   |  6 ++++--
 mm/filemap.c                                       |  2 +-
 mm/mempolicy.c                                     |  5 -----
 mm/migrate.c                                       | 21 -------------------
 mm/shmem.c                                         |  2 +-
 16 files changed, 29 insertions(+), 118 deletions(-)
Merging pci/next (149792795d2b Merge branch 'pci/msi' into next)
$ git merge pci/next
Already up-to-date.
Merging hid/for-next (59ed9d7ed29a Merge branch 'for-3.20/logitech' into for-next)
$ git merge hid/for-next
Merge made by the 'recursive' strategy.
 drivers/hid/hid-core.c           | 22 ++++++++---
 drivers/hid/hid-lenovo.c         | 79 +++++++++++++++++++++++++++++++++++++++-
 drivers/hid/hid-logitech-hidpp.c | 67 ++++++++++++++++++++++++++++------
 include/linux/hid.h              |  4 +-
 4 files changed, 153 insertions(+), 19 deletions(-)
Merging i2c/i2c/for-next (f16ea4f0e180 i2c: sh_mobile: I2C_SH_MOBILE should depend on HAS_DMA)
$ git merge i2c/i2c/for-next
Auto-merging drivers/i2c/busses/Kconfig
Merge made by the 'recursive' strategy.
 drivers/i2c/busses/Kconfig         |   1 +
 drivers/i2c/busses/i2c-mv64xxx.c   | 328 ++++++++++++++++++++++---------------
 drivers/i2c/busses/i2c-sh_mobile.c | 111 ++++++-------
 3 files changed, 251 insertions(+), 189 deletions(-)
Merging jdelvare-hwmon/master (ae530d4403e9 hwmon: (i5500_temp) Convert to use ATTRIBUTE_GROUPS macro)
$ git merge jdelvare-hwmon/master
Auto-merging drivers/hwmon/Makefile
Auto-merging drivers/hwmon/Kconfig
Merge made by the 'recursive' strategy.
 drivers/hwmon/Kconfig      |  10 +++
 drivers/hwmon/Makefile     |   1 +
 drivers/hwmon/i5500_temp.c | 149 +++++++++++++++++++++++++++++++++++++++++++++
 3 files changed, 160 insertions(+)
 create mode 100644 drivers/hwmon/i5500_temp.c
Merging hwmon-staging/hwmon-next (907a6d582459 hwmon: (tmp401) Detect TMP435 on all addresses it supports)
$ git merge hwmon-staging/hwmon-next
Already up-to-date.
Merging v4l-dvb/master (2ea3258b238c Merge branch 'patchwork' into to_next)
$ git merge v4l-dvb/master
Auto-merging drivers/staging/media/tlg2300/Kconfig
Auto-merging drivers/staging/media/parport/Kconfig
Auto-merging drivers/media/platform/soc_camera/rcar_vin.c
Auto-merging MAINTAINERS
Merge made by the 'recursive' strategy.
 Documentation/DocBook/media/v4l/compat.xml         |  12 +
 Documentation/DocBook/media/v4l/pixfmt.xml         |  36 +-
 Documentation/DocBook/media/v4l/subdev-formats.xml |  18 +-
 Documentation/DocBook/media/v4l/v4l2.xml           |  11 +-
 .../devicetree/bindings/media/rcar_vin.txt         |   2 +
 Documentation/video4linux/vivid.txt                |  15 +
 MAINTAINERS                                        |   4 +-
 drivers/media/Kconfig                              |   1 -
 drivers/media/Makefile                             |   2 +-
 drivers/media/i2c/Kconfig                          |   9 -
 drivers/media/i2c/Makefile                         |   1 -
 drivers/media/pci/cx88/cx88-blackbird.c            |   4 +-
 drivers/media/pci/cx88/cx88-dvb.c                  |   4 +-
 drivers/media/pci/cx88/cx88-mpeg.c                 |  11 +-
 drivers/media/pci/cx88/cx88-vbi.c                  |   9 +-
 drivers/media/pci/cx88/cx88-video.c                |  18 +-
 drivers/media/pci/cx88/cx88.h                      |   2 +
 drivers/media/platform/Kconfig                     |   8 -
 drivers/media/platform/Makefile                    |   3 -
 drivers/media/platform/soc_camera/rcar_vin.c       | 466 ++++++++++++++++++++-
 drivers/media/platform/vivid/vivid-vid-out.c       |   2 +-
 drivers/media/usb/Kconfig                          |   1 -
 drivers/media/usb/Makefile                         |   1 -
 drivers/media/v4l2-core/v4l2-ioctl.c               |   6 +
 drivers/staging/media/Kconfig                      |   6 +
 drivers/staging/media/Makefile                     |   3 +
 drivers/{ => staging}/media/parport/Kconfig        |  24 +-
 drivers/{ => staging}/media/parport/Makefile       |   0
 drivers/{ => staging}/media/parport/bw-qcam.c      |   0
 drivers/{ => staging}/media/parport/c-qcam.c       |   0
 drivers/{ => staging}/media/parport/pms.c          |   0
 drivers/{ => staging}/media/parport/w9966.c        |   0
 .../{media/usb => staging/media}/tlg2300/Kconfig   |   6 +-
 .../{media/usb => staging/media}/tlg2300/Makefile  |   0
 .../{media/usb => staging/media}/tlg2300/pd-alsa.c |   0
 .../usb => staging/media}/tlg2300/pd-common.h      |   0
 .../{media/usb => staging/media}/tlg2300/pd-dvb.c  |   0
 .../{media/usb => staging/media}/tlg2300/pd-main.c |   0
 .../usb => staging/media}/tlg2300/pd-radio.c       |   0
 .../usb => staging/media}/tlg2300/pd-video.c       |   0
 .../usb => staging/media}/tlg2300/vendorcmds.h     |   0
 drivers/staging/media/vino/Kconfig                 |  24 ++
 drivers/staging/media/vino/Makefile                |   3 +
 .../platform => staging/media/vino}/indycam.c      |   0
 .../platform => staging/media/vino}/indycam.h      |   0
 .../{media/i2c => staging/media/vino}/saa7191.c    |   0
 .../{media/i2c => staging/media/vino}/saa7191.h    |   0
 .../{media/platform => staging/media/vino}/vino.c  |   0
 .../{media/platform => staging/media/vino}/vino.h  |   0
 include/uapi/linux/v4l2-mediabus.h                 |   6 +-
 50 files changed, 640 insertions(+), 78 deletions(-)
 rename drivers/{ => staging}/media/parport/Kconfig (65%)
 rename drivers/{ => staging}/media/parport/Makefile (100%)
 rename drivers/{ => staging}/media/parport/bw-qcam.c (100%)
 rename drivers/{ => staging}/media/parport/c-qcam.c (100%)
 rename drivers/{ => staging}/media/parport/pms.c (100%)
 rename drivers/{ => staging}/media/parport/w9966.c (100%)
 rename drivers/{media/usb => staging/media}/tlg2300/Kconfig (63%)
 rename drivers/{media/usb => staging/media}/tlg2300/Makefile (100%)
 rename drivers/{media/usb => staging/media}/tlg2300/pd-alsa.c (100%)
 rename drivers/{media/usb => staging/media}/tlg2300/pd-common.h (100%)
 rename drivers/{media/usb => staging/media}/tlg2300/pd-dvb.c (100%)
 rename drivers/{media/usb => staging/media}/tlg2300/pd-main.c (100%)
 rename drivers/{media/usb => staging/media}/tlg2300/pd-radio.c (100%)
 rename drivers/{media/usb => staging/media}/tlg2300/pd-video.c (100%)
 rename drivers/{media/usb => staging/media}/tlg2300/vendorcmds.h (100%)
 create mode 100644 drivers/staging/media/vino/Kconfig
 create mode 100644 drivers/staging/media/vino/Makefile
 rename drivers/{media/platform => staging/media/vino}/indycam.c (100%)
 rename drivers/{media/platform => staging/media/vino}/indycam.h (100%)
 rename drivers/{media/i2c => staging/media/vino}/saa7191.c (100%)
 rename drivers/{media/i2c => staging/media/vino}/saa7191.h (100%)
 rename drivers/{media/platform => staging/media/vino}/vino.c (100%)
 rename drivers/{media/platform => staging/media/vino}/vino.h (100%)
Merging kbuild/for-next (657eeca39128 Merge branch 'kbuild/misc' into kbuild/for-next)
$ git merge kbuild/for-next
Resolved 'scripts/Kbuild.include' using previous resolution.
Auto-merging scripts/Kbuild.include
CONFLICT (content): Merge conflict in scripts/Kbuild.include
Auto-merging lib/Kconfig.debug
Auto-merging kernel/gcov/Kconfig
Auto-merging init/Kconfig
Auto-merging arch/x86/Kconfig
Auto-merging Makefile
Automatic merge failed; fix conflicts and then commit the result.
$ git commit -v -a
[master b7f4db7a452f] Merge remote-tracking branch 'kbuild/for-next'
$ git diff -M --stat --summary HEAD^..
 .gitignore                          |   3 +
 Documentation/lto-build             | 173 ++++++++++++++++++++++++++++++++++++
 Makefile                            |  36 +++++---
 arch/x86/Kconfig                    |   2 +-
 init/Kconfig                        |  73 +++++++++++++++
 kernel/gcov/Kconfig                 |   2 +-
 lib/Kconfig.debug                   |   2 +-
 scripts/Kbuild.include              |  12 +++
 scripts/Makefile.clean              |  10 +--
 scripts/Makefile.headersinst        |   1 -
 scripts/Makefile.lto                |  84 +++++++++++++++++
 scripts/Makefile.modpost            |   7 +-
 scripts/coccinelle/misc/bugon.cocci |   2 +-
 scripts/kconfig/menu.c              |   4 +-
 scripts/link-vmlinux.sh             |   2 +-
 scripts/package/mkspec              |   4 +
 16 files changed, 385 insertions(+), 32 deletions(-)
 create mode 100644 Documentation/lto-build
 create mode 100644 scripts/Makefile.lto
Merging kconfig/for-next (95edca5c523c localmodconfig: Add config depends by default settings)
$ git merge kconfig/for-next
Already up-to-date.
Merging libata/for-next (d325a876e2b3 Merge branch 'for-3.18-fixes' into for-next)
$ git merge libata/for-next
Already up-to-date!
Merge made by the 'recursive' strategy.
Merging pm/linux-next (33a872aedc26 Merge branches 'acpi-video' and 'acpi-ec')
$ git merge pm/linux-next
Auto-merging sound/soc/samsung/i2s.c
Auto-merging sound/soc/codecs/wm8962.c
Auto-merging sound/soc/codecs/tas2552.c
Auto-merging sound/soc/codecs/max98090.c
Auto-merging sound/pci/hda/hda_intel.c
Auto-merging drivers/video/fbdev/sh_mobile_meram.c
Auto-merging drivers/video/fbdev/s3c-fb.c
Auto-merging drivers/tty/serial/omap-serial.c
Auto-merging drivers/tty/serial/msm_serial_hs.c
Auto-merging drivers/tty/serial/mfd.c
Auto-merging drivers/tty/serial/8250/8250_mtk.c
Auto-merging drivers/tty/serial/8250/8250_dw.c
Auto-merging drivers/spi/spi-s3c64xx.c
Auto-merging drivers/spi/spi-rockchip.c
Auto-merging drivers/spi/spi-qup.c
Auto-merging drivers/spi/spi-pxa2xx.c
Auto-merging drivers/spi/spi-orion.c
Auto-merging drivers/scsi/ufs/ufshcd-pltfrm.c
Auto-merging drivers/phy/phy-ti-pipe3.c
Auto-merging drivers/phy/phy-omap-usb2.c
Auto-merging drivers/media/platform/Kconfig
Auto-merging drivers/leds/leds-gpio.c
Auto-merging arch/arm/mach-exynos/Kconfig
Auto-merging MAINTAINERS
Auto-merging Documentation/kernel-parameters.txt
Merge made by the 'recursive' strategy.
 Documentation/kernel-parameters.txt       |  9 ++++
 MAINTAINERS                               |  6 +++
 arch/arm/kernel/perf_event.c              |  2 +-
 arch/arm/mach-davinci/pm_domain.c         |  2 +-
 arch/arm/mach-exynos/Kconfig              |  2 +-
 arch/arm/mach-keystone/pm_domain.c        |  2 +-
 arch/arm/mach-omap1/pm_bus.c              |  4 +-
 arch/arm/mach-omap2/io.c                  |  2 +-
 arch/arm/mach-omap2/omap_device.c         |  2 +-
 arch/ia64/Kconfig                         |  2 +-
 arch/x86/kernel/apic/io_apic.c            |  2 +-
 drivers/acpi/device_pm.c                  | 12 ++++-
 drivers/acpi/ec.c                         |  2 +
 drivers/acpi/fan.c                        |  8 +++-
 drivers/acpi/scan.c                       |  4 +-
 drivers/acpi/utils.c                      | 12 +----
 drivers/acpi/video.c                      | 10 +++-
 drivers/ata/Kconfig                       |  2 +-
 drivers/base/power/opp.c                  | 78 +++++++++++++++++--------------
 drivers/cpufreq/intel_pstate.c            | 38 ++++++++++++++-
 drivers/leds/leds-gpio.c                  |  2 +-
 drivers/media/platform/Kconfig            |  2 +-
 drivers/media/platform/s5p-tv/Kconfig     |  2 +-
 drivers/mmc/host/atmel-mci.c              |  2 +-
 drivers/nfc/trf7970a.c                    |  2 +-
 drivers/phy/phy-omap-usb2.c               |  2 +-
 drivers/phy/phy-ti-pipe3.c                |  2 +-
 drivers/power/pm2301_charger.c            |  4 --
 drivers/scsi/scsi_pm.c                    | 10 ----
 drivers/scsi/scsi_priv.h                  |  5 +-
 drivers/scsi/ufs/ufshcd-pci.c             | 11 ++---
 drivers/scsi/ufs/ufshcd-pltfrm.c          | 11 ++---
 drivers/spi/spi-coldfire-qspi.c           |  2 +-
 drivers/spi/spi-orion.c                   |  2 +-
 drivers/spi/spi-pxa2xx.c                  |  2 +-
 drivers/spi/spi-qup.c                     |  4 +-
 drivers/spi/spi-rockchip.c                |  4 +-
 drivers/spi/spi-s3c64xx.c                 |  4 +-
 drivers/staging/gdm72xx/Kconfig           |  2 +-
 drivers/tty/serial/8250/8250_dw.c         |  2 +-
 drivers/tty/serial/8250/8250_mtk.c        |  2 +-
 drivers/tty/serial/mfd.c                  |  7 +--
 drivers/tty/serial/msm_serial_hs.c        |  2 +-
 drivers/tty/serial/omap-serial.c          |  2 +-
 drivers/usb/core/Kconfig                  |  2 +-
 drivers/usb/phy/Kconfig                   |  4 +-
 drivers/usb/storage/Kconfig               |  2 +-
 drivers/video/fbdev/s3c-fb.c              |  2 +-
 drivers/video/fbdev/sh_mobile_meram.c     |  4 +-
 include/acpi/acpi_bus.h                   |  1 +
 include/linux/pm.h                        |  2 -
 include/scsi/scsi_device.h                |  4 +-
 kernel/trace/Makefile                     |  2 +-
 sound/pci/hda/hda_controller.c            |  2 +-
 sound/pci/hda/hda_intel.c                 |  5 +-
 sound/soc/codecs/cs35l32.c                |  2 +-
 sound/soc/codecs/cs42xx8.c                |  2 +-
 sound/soc/codecs/max98090.c               |  2 +-
 sound/soc/codecs/pcm512x.c                |  2 +-
 sound/soc/codecs/tas2552.c                |  4 +-
 sound/soc/codecs/wm2200.c                 |  2 +-
 sound/soc/codecs/wm5100.c                 |  2 +-
 sound/soc/codecs/wm8962.c                 |  2 +-
 sound/soc/fsl/fsl_asrc.c                  |  4 +-
 sound/soc/samsung/i2s.c                   |  4 +-
 tools/power/cpupower/utils/cpuidle-info.c |  8 ++--
 66 files changed, 199 insertions(+), 156 deletions(-)
Merging idle/next (b5805c6d135b Merge branch 'sfi' into release)
$ git merge idle/next
Merge made by the 'recursive' strategy.
 arch/x86/include/uapi/asm/msr-index.h |   1 +
 drivers/acpi/processor_idle.c         |   2 -
 drivers/cpufreq/Kconfig.x86           |  10 +++
 drivers/cpufreq/Makefile              |   1 +
 drivers/cpufreq/sfi-cpufreq.c         | 165 ++++++++++++++++++++++++++++++++++
 drivers/cpuidle/governors/ladder.c    |   7 +-
 drivers/cpuidle/governors/menu.c      |  25 +++---
 drivers/sfi/sfi_core.c                |   4 +-
 include/linux/cpuidle.h               |   3 -
 9 files changed, 190 insertions(+), 28 deletions(-)
 create mode 100644 drivers/cpufreq/sfi-cpufreq.c
Merging apm/for-next (53675abbd1e5 x86, apm: Remove unused variable)
$ git merge apm/for-next
Already up-to-date.
Merging cpupowerutils/master (f16603386b38 cpupower tools: add install target to the debug tools' makefiles)
$ git merge cpupowerutils/master
Already up-to-date.
Merging thermal/next (2707dbd09a85 Merge branches 'thermal-core-fix', 'thermal-soc' and 'thermal-int340x' into next)
$ git merge thermal/next
Already up-to-date.
Merging thermal-soc/next (d8c3cd75e77d Merge branch 'work-fixes' into work-next)
$ git merge thermal-soc/next
Auto-merging include/linux/thermal.h
Auto-merging drivers/thermal/thermal_core.c
Auto-merging drivers/thermal/samsung/exynos_tmu.c
Auto-merging drivers/thermal/imx_thermal.c
Auto-merging drivers/thermal/db8500_cpufreq_cooling.c
Merge made by the 'recursive' strategy.
 drivers/thermal/cpu_cooling.c                      | 359 ++++++++-------------
 drivers/thermal/db8500_cpufreq_cooling.c           |  20 +-
 drivers/thermal/imx_thermal.c                      |  15 +-
 drivers/thermal/samsung/Kconfig                    |   2 +-
 drivers/thermal/samsung/exynos_thermal_common.c    |  12 +-
 drivers/thermal/samsung/exynos_tmu.c               |   5 +-
 drivers/thermal/thermal_core.c                     |   6 +-
 drivers/thermal/ti-soc-thermal/ti-thermal-common.c |  17 +-
 include/dt-bindings/thermal/thermal.h              |   2 +-
 include/linux/cpu_cooling.h                        |   6 +-
 include/linux/thermal.h                            |   2 +-
 11 files changed, 177 insertions(+), 269 deletions(-)
Merging ieee1394/for-next (d737d7da8e7e firewire: sbp2: replace card lock by target lock)
$ git merge ieee1394/for-next
Already up-to-date.
Merging dlm/next (2ab4bd8ea3a6 dlm: adopt orphan locks)
$ git merge dlm/next
Already up-to-date.
Merging swiotlb/linux-next (8e0629c1d4ce swiotlb: don't assume PA 0 is invalid)
$ git merge swiotlb/linux-next
Already up-to-date.
Merging slave-dma/next (9a0a47f5e620 Merge branch 'for-linus' into next)
$ git merge slave-dma/next
Merge made by the 'recursive' strategy.
Merging net-next/master (f96fe225677b Merge git://git.kernel.org/pub/scm/linux/kernel/git/davem/net)
$ git merge net-next/master
Already up-to-date.
Merging ipsec-next/master (fbe68ee87522 vti6: Add a lookup method for tunnels with wildcard endpoints.)
$ git merge ipsec-next/master
Already up-to-date.
Merging wireless-next/master (81c412600f94 Merge branch 'master' of git://git.kernel.org/pub/scm/linux/kernel/git/linville/wireless)
$ git merge wireless-next/master
Already up-to-date.
Merging bluetooth/master (b2ae82c08a54 Bluetooth: btusb: support public address configuration for ath3012)
$ git merge bluetooth/master
Merge made by the 'recursive' strategy.
 drivers/bluetooth/btusb.c | 28 ++++++++++++++++++++++++++++
 1 file changed, 28 insertions(+)
Merging infiniband/for-next (a7cfef21e3d0 Merge branches 'core', 'cxgb4', 'ipoib', 'iser', 'mlx4', 'ocrdma', 'odp' and 'srp' into for-next)
$ git merge infiniband/for-next
Auto-merging drivers/net/ethernet/mellanox/mlx4/main.c
Merge made by the 'recursive' strategy.
 drivers/infiniband/Kconfig                     |  11 +
 drivers/infiniband/core/Makefile               |   1 +
 drivers/infiniband/core/addr.c                 |   4 +-
 drivers/infiniband/core/multicast.c            |  11 +-
 drivers/infiniband/core/umem.c                 |  72 ++-
 drivers/infiniband/core/umem_odp.c             | 668 +++++++++++++++++++++
 drivers/infiniband/core/umem_rbtree.c          |  94 +++
 drivers/infiniband/core/uverbs.h               |   1 +
 drivers/infiniband/core/uverbs_cmd.c           | 171 ++++--
 drivers/infiniband/core/uverbs_main.c          |   5 +-
 drivers/infiniband/core/verbs.c                |   3 +-
 drivers/infiniband/hw/amso1100/c2_provider.c   |   2 +-
 drivers/infiniband/hw/cxgb4/cm.c               |   7 +-
 drivers/infiniband/hw/cxgb4/device.c           |   2 +-
 drivers/infiniband/hw/cxgb4/mem.c              |  28 +-
 drivers/infiniband/hw/cxgb4/qp.c               |   2 +-
 drivers/infiniband/hw/ehca/ehca_mrmw.c         |   2 +-
 drivers/infiniband/hw/ipath/ipath_mr.c         |   2 +-
 drivers/infiniband/hw/mlx4/mr.c                |   1 -
 drivers/infiniband/hw/mlx5/Makefile            |   1 +
 drivers/infiniband/hw/mlx5/main.c              |  45 +-
 drivers/infiniband/hw/mlx5/mem.c               |  69 ++-
 drivers/infiniband/hw/mlx5/mlx5_ib.h           | 116 +++-
 drivers/infiniband/hw/mlx5/mr.c                | 323 ++++++++--
 drivers/infiniband/hw/mlx5/odp.c               | 798 +++++++++++++++++++++++++
 drivers/infiniband/hw/mlx5/qp.c                | 197 ++++--
 drivers/infiniband/hw/nes/nes_verbs.c          |   6 +-
 drivers/infiniband/hw/ocrdma/ocrdma_ah.c       |   5 +-
 drivers/infiniband/hw/ocrdma/ocrdma_verbs.c    |   4 +-
 drivers/infiniband/hw/qib/qib_mr.c             |   2 +-
 drivers/infiniband/ulp/ipoib/ipoib.h           |  19 +-
 drivers/infiniband/ulp/ipoib/ipoib_cm.c        |  18 +-
 drivers/infiniband/ulp/ipoib/ipoib_ib.c        |  27 +-
 drivers/infiniband/ulp/ipoib/ipoib_main.c      |  49 +-
 drivers/infiniband/ulp/ipoib/ipoib_multicast.c | 239 +++++---
 drivers/infiniband/ulp/ipoib/ipoib_verbs.c     |  22 +-
 drivers/infiniband/ulp/iser/iscsi_iser.c       | 104 +++-
 drivers/infiniband/ulp/iser/iscsi_iser.h       |  30 +-
 drivers/infiniband/ulp/iser/iser_initiator.c   |   6 +-
 drivers/infiniband/ulp/iser/iser_memory.c      | 102 +---
 drivers/infiniband/ulp/iser/iser_verbs.c       |  91 ++-
 drivers/infiniband/ulp/srp/ib_srp.c            |   2 +-
 drivers/net/ethernet/mellanox/mlx4/main.c      |   6 +-
 drivers/net/ethernet/mellanox/mlx5/core/eq.c   |  13 +-
 drivers/net/ethernet/mellanox/mlx5/core/fw.c   |  40 ++
 drivers/net/ethernet/mellanox/mlx5/core/qp.c   | 119 ++++
 include/linux/mlx5/device.h                    |  72 ++-
 include/linux/mlx5/driver.h                    |  14 +-
 include/linux/mlx5/qp.h                        |  65 ++
 include/rdma/ib_umem.h                         |  34 +-
 include/rdma/ib_umem_odp.h                     | 160 +++++
 include/rdma/ib_verbs.h                        |  54 +-
 include/uapi/rdma/ib_user_verbs.h              |  29 +-
 53 files changed, 3511 insertions(+), 457 deletions(-)
 create mode 100644 drivers/infiniband/core/umem_odp.c
 create mode 100644 drivers/infiniband/core/umem_rbtree.c
 create mode 100644 drivers/infiniband/hw/mlx5/odp.c
 create mode 100644 include/rdma/ib_umem_odp.h
Merging mtd/master (68f29815034e mtd: tests: abort torturetest on erase errors)
$ git merge mtd/master
Already up-to-date.
Merging l2-mtd/master (68f29815034e mtd: tests: abort torturetest on erase errors)
$ git merge l2-mtd/master
Already up-to-date.
Merging crypto/master (8606813a6c89 crypto: tcrypt - Allow speed testing of arbitrary hash functions)
$ git merge crypto/master
Already up-to-date.
Merging drm/drm-next (4e0cd6811562 drm: sti: fix module compilation issue)
$ git merge drm/drm-next
Already up-to-date.
Merging drm-panel/drm/panel/for-next (1976dbca047e drm/panel: Add Sharp LQ101R1SX01 support)
$ git merge drm-panel/drm/panel/for-next
Already up-to-date.
Merging drm-intel/for-linux-next (2c550183476d drm/i915: Disable PSMI sleep messages on all rings around context switches)
$ git merge drm-intel/for-linux-next
Merge made by the 'recursive' strategy.
 drivers/gpu/drm/i915/i915_drv.c         |  4 ++-
 drivers/gpu/drm/i915/i915_gem_context.c | 48 +++++++++++++++++++++++++++------
 drivers/gpu/drm/i915/i915_irq.c         | 18 ++++++++++---
 drivers/gpu/drm/i915/i915_reg.h         |  3 +++
 drivers/gpu/drm/i915/intel_pm.c         | 28 ++++++++++++-------
 drivers/gpu/drm/i915/intel_ringbuffer.c |  3 +++
 6 files changed, 82 insertions(+), 22 deletions(-)
Merging drm-tegra/drm/tegra/for-next (7e0180e3570c drm/tegra: gem: Check before freeing CMA memory)
$ git merge drm-tegra/drm/tegra/for-next
Already up-to-date.
Merging drm-misc/topic/core-stuff (7bf2844ed14d drm/fb-helper: Propagate errors from initial config failure)
$ git merge drm-misc/topic/core-stuff
Auto-merging include/drm/drm_fb_helper.h
Auto-merging include/drm/drm_crtc.h
Auto-merging drivers/gpu/drm/tegra/dc.c
Auto-merging drivers/gpu/drm/sti/sti_drm_crtc.c
Auto-merging drivers/gpu/drm/radeon/radeon_fb.c
Auto-merging drivers/gpu/drm/nouveau/nouveau_fbcon.c
Auto-merging drivers/gpu/drm/drm_fb_helper.c
Auto-merging drivers/gpu/drm/drm_crtc.c
Auto-merging Documentation/DocBook/drm.tmpl
Merge made by the 'recursive' strategy.
 Documentation/DocBook/drm.tmpl           |   3 +-
 drivers/gpu/drm/armada/armada_crtc.c     |   5 --
 drivers/gpu/drm/ast/ast_fb.c             |  21 +++++--
 drivers/gpu/drm/bochs/bochs_fbdev.c      |  14 ++++-
 drivers/gpu/drm/bochs/bochs_kms.c        |   5 --
 drivers/gpu/drm/cirrus/cirrus_fbdev.c    |  22 +++++--
 drivers/gpu/drm/drm_cache.c              |  13 ++--
 drivers/gpu/drm/drm_crtc.c               | 103 ++++++++++++++++---------------
 drivers/gpu/drm/drm_fb_helper.c          |   2 +-
 drivers/gpu/drm/drm_info.c               |  24 -------
 drivers/gpu/drm/drm_internal.h           |   1 -
 drivers/gpu/drm/drm_irq.c                |  11 ++--
 drivers/gpu/drm/drm_modes.c              |  56 +++++++++++++----
 drivers/gpu/drm/drm_plane_helper.c       |  16 +++--
 drivers/gpu/drm/drm_probe_helper.c       |  43 +++++++------
 drivers/gpu/drm/gma500/framebuffer.c     |  22 +++++--
 drivers/gpu/drm/mgag200/mgag200_fb.c     |  12 +++-
 drivers/gpu/drm/msm/mdp/mdp4/mdp4_crtc.c |   5 --
 drivers/gpu/drm/msm/mdp/mdp5/mdp5_crtc.c |   5 --
 drivers/gpu/drm/msm/msm_fbdev.c          |  10 ++-
 drivers/gpu/drm/nouveau/nouveau_fbcon.c  |  21 +++++--
 drivers/gpu/drm/omapdrm/omap_fbdev.c     |  10 ++-
 drivers/gpu/drm/qxl/qxl_fb.c             |  22 +++++--
 drivers/gpu/drm/radeon/radeon_fb.c       |  21 +++++--
 drivers/gpu/drm/sti/sti_drm_crtc.c       |   6 --
 drivers/gpu/drm/tegra/dc.c               |   5 --
 drivers/gpu/drm/udl/udl_fb.c             |  22 ++++---
 include/drm/drmP.h                       |   4 +-
 include/drm/drm_crtc.h                   |   2 +-
 include/drm/drm_crtc_helper.h            |  32 ++++++++--
 include/drm/drm_fb_helper.h              |   2 +-
 include/drm/drm_modes.h                  |   6 +-
 include/uapi/drm/drm_mode.h              |   8 +--
 33 files changed, 329 insertions(+), 225 deletions(-)
Merging sound/for-next (7327643ba158 ALSA: hda - Add quirk for Packard Bell EasyNote MX65)
$ git merge sound/for-next
Already up-to-date.
Merging sound-asoc/for-next (c52e5698efef Merge remote-tracking branches 'asoc/fix/atmel', 'asoc/fix/intel', 'asoc/fix/rt5645', 'asoc/fix/rt5677' and 'asoc/fix/samsung' into asoc-linus)
$ git merge sound-asoc/for-next
Already up-to-date.
Merging modules/modules-next (12491941a26c param: do not set store func without write perm)
$ git merge modules/modules-next
Auto-merging kernel/module.c
Merge made by the 'recursive' strategy.
 include/linux/module.h        |  16 +---
 include/trace/events/module.h |   2 +-
 kernel/module.c               | 170 +++++++++++++++++++-----------------------
 kernel/params.c               |  97 ++++++++++++------------
 lib/bug.c                     |  20 +++--
 5 files changed, 137 insertions(+), 168 deletions(-)
$ git reset --hard HEAD^
HEAD is now at 6648d4ac81c1 Merge remote-tracking branch 'drm-misc/topic/core-stuff'
Merging modules/modules-next (b0a65b0cccd4 param: do not set store func without write perm)
$ git merge modules/modules-next
Auto-merging kernel/module.c
Merge made by the 'recursive' strategy.
 include/linux/module.h        |  16 +---
 include/trace/events/module.h |   2 +-
 kernel/module.c               | 170 +++++++++++++++++++-----------------------
 kernel/params.c               |  97 ++++++++++++------------
 lib/bug.c                     |  20 +++--
 5 files changed, 137 insertions(+), 168 deletions(-)
Merging virtio/virtio-next (5a10b7dbf904 virtio_balloon: free some memory from balloon on OOM)
$ git merge virtio/virtio-next
Already up-to-date.
Merging input/next (7c12a5b19e13 Input: stmpe - bias keypad columns properly)
$ git merge input/next
Auto-merging drivers/mfd/stmpe.h
Auto-merging drivers/mfd/stmpe.c
Auto-merging drivers/input/touchscreen/edt-ft5x06.c
Auto-merging drivers/input/keyboard/stmpe-keypad.c
Auto-merging drivers/input/keyboard/gpio_keys.c
Merge made by the 'recursive' strategy.
 .../devicetree/bindings/input/gpio-keys.txt        |  10 +-
 .../devicetree/bindings/input/stmpe-keypad.txt     |   2 +
 drivers/input/input.c                              |  22 ++--
 drivers/input/keyboard/Kconfig                     |   1 +
 drivers/input/keyboard/gpio_keys.c                 | 114 ++++++++---------
 drivers/input/keyboard/stmpe-keypad.c              | 141 ++++++++++++---------
 drivers/input/touchscreen/edt-ft5x06.c             |   4 +-
 drivers/mfd/stmpe.c                                |   4 +
 drivers/mfd/stmpe.h                                |   3 +
 include/linux/mfd/stmpe.h                          |  22 +---
 10 files changed, 172 insertions(+), 151 deletions(-)
Merging input-mt/for-next (5e01dc7b26d9 Linux 3.12)
$ git merge input-mt/for-next
Already up-to-date.
Merging block/for-next (e248d2ba0082 Merge branch 'for-3.19/drivers' into for-next)
$ git merge block/for-next
Already up-to-date!
Merge made by the 'recursive' strategy.
Merging device-mapper/for-next (5164bece1673 dm: fix missed error code if .end_io isn't implemented by target_type)
$ git merge device-mapper/for-next
Merge made by the 'recursive' strategy.
 drivers/md/dm-thin.c | 29 +++++++++++++++++++++++------
 drivers/md/dm.c      |  2 +-
 2 files changed, 24 insertions(+), 7 deletions(-)
Merging embedded/master (4744b43431e8 embedded: fix vc_translate operator precedence)
$ git merge embedded/master
Already up-to-date.
Merging firmware/master (6e03a201bbe8 firmware: speed up request_firmware(), v3)
$ git merge firmware/master
Already up-to-date.
Merging pcmcia/master (80af9e6d7ae6 pcmcia at91_cf: fix raw gpio number usage)
$ git merge pcmcia/master
Already up-to-date.
Merging mmc/mmc-next (11bc9381b277 mmc: sdhci-s3c: use mmc_of_parse and remove the card_tasklet)
$ git merge mmc/mmc-next
Already up-to-date.
Merging mmc-uh/next (79b8f3c845d1 PM: Remove the SET_PM_RUNTIME_PM_OPS() macro)
$ git merge mmc-uh/next
Merge made by the 'recursive' strategy.
Merging kgdb/kgdb-next (0f16996cf2ed kernel/debug/debug_core.c: Logging clean-up)
$ git merge kgdb/kgdb-next
Auto-merging kernel/trace/trace_kdb.c
Merge made by the 'recursive' strategy.
 include/linux/kdb.h             |  62 ++++++++--
 kernel/debug/debug_core.c       |  52 ++++----
 kernel/debug/kdb/kdb_bp.c       |  37 +++---
 kernel/debug/kdb/kdb_debugger.c |   4 +
 kernel/debug/kdb/kdb_main.c     | 267 +++++++++++++++++++++++++---------------
 kernel/debug/kdb/kdb_private.h  |   3 +-
 kernel/trace/trace_kdb.c        |   4 +-
 lib/Kconfig.kgdb                |  25 ++++
 8 files changed, 306 insertions(+), 148 deletions(-)
Merging uclinux/for-next (6dbe51c251a3 Linux 3.9-rc1)
$ git merge uclinux/for-next
Already up-to-date.
Merging md/for-next (f851b60db0fd md: Check MD_RECOVERY_RUNNING as well as ->sync_thread.)
$ git merge md/for-next
Already up-to-date.
Merging mfd/for-mfd-next (a3b63979f8a3 mfd: rtsx: Add func to split u32 into register)
$ git merge mfd/for-mfd-next
Already up-to-date.
Merging backlight/for-backlight-next (3d6969a641d0 MAINTAINERS: Remove my name from Backlight subsystem)
$ git merge backlight/for-backlight-next
Already up-to-date.
Merging battery/master (b81180b3fd48 power: reset: adjust priority of simple syscon reboot driver)
$ git merge battery/master
Already up-to-date.
Merging fbdev/for-next (718b90ac4c21 video: xilinxfb: Simplify error path)
$ git merge fbdev/for-next
Already up-to-date.
Merging viafb/viafb-next (838ac785d521 viafb: avoid refresh and mode lookup in set_par)
$ git merge viafb/viafb-next
Already up-to-date.
Merging omap_dss2/for-next (574d54112fda Merge branches '3.19/omapdss' and '3.19/simplefb' into for-next)
$ git merge omap_dss2/for-next
Already up-to-date!
Merge made by the 'recursive' strategy.
Merging regulator/for-next (1222d8fe578c regulator: s2mps11: Fix dw_mmc failure on Gear 2)
$ git merge regulator/for-next
Auto-merging drivers/regulator/s2mps11.c
Merge made by the 'recursive' strategy.
 drivers/regulator/s2mps11.c | 19 ++++++++++++-------
 1 file changed, 12 insertions(+), 7 deletions(-)
Merging security/next (b2d1965dcea1 Merge branch 'next' of git://git.infradead.org/users/pcmoore/selinux into next)
$ git merge security/next
Already up-to-date.
Merging integrity/next (63a0eb7891bd ima: Fix build failure on powerpc when TCG_IBMVTPM dependencies are not met)
$ git merge integrity/next
Already up-to-date.
Merging selinux/next (00fec2a10b51 selinux: Remove security_ops extern)
$ git merge selinux/next
Already up-to-date.
Merging lblnet/next (d8ec26d7f828 Linux 3.13)
$ git merge lblnet/next
Already up-to-date.
Merging watchdog/master (2193e69bf650 watchdog: imx2_wdt: Fix the argument of watchdog_active())
$ git merge watchdog/master
Resolved 'drivers/watchdog/imx2_wdt.c' using previous resolution.
Auto-merging drivers/watchdog/imx2_wdt.c
CONFLICT (content): Merge conflict in drivers/watchdog/imx2_wdt.c
Automatic merge failed; fix conflicts and then commit the result.
$ git commit -v -a
[master 838b96dd7ed4] Merge remote-tracking branch 'watchdog/master'
$ git diff -M --stat --summary HEAD^..
 drivers/watchdog/imx2_wdt.c | 47 +++++++++++++++++++++++++++++++++++++++++++++
 1 file changed, 47 insertions(+)
Merging iommu/next (76771c938e95 Merge branches 'arm/omap', 'arm/msm', 'arm/rockchip', 'arm/renesas', 'arm/smmu', 'x86/vt-d', 'x86/amd' and 'core' into next)
$ git merge iommu/next
Already up-to-date.
Merging dwmw2-iommu/master (1860e379875d Linux 3.15)
$ git merge dwmw2-iommu/master
Already up-to-date.
Merging vfio/next (5e9f36c59a48 drivers/vfio: allow type-1 IOMMU instantiation on top of an ARM SMMU)
$ git merge vfio/next
Already up-to-date.
Merging osd/linux-next (1fa3a002b254 Boaz Harrosh - fix email in Documentation)
$ git merge osd/linux-next
Already up-to-date.
Merging jc_docs/docs-next (9b64c09bb960 kobject: grammar fix)
$ git merge jc_docs/docs-next
Already up-to-date.
Merging trivial/for-next (078014dd3698 intel_ips: fix a type in error message)
$ git merge trivial/for-next
Already up-to-date.
Merging audit/next (0288d7183c41 audit: convert status version to a feature bitmap)
$ git merge audit/next
Already up-to-date.
Merging fsnotify/for-next (1ca39ab9d21a inotify: automatically restart syscalls)
$ git merge fsnotify/for-next
Already up-to-date.
Merging devicetree/devicetree/next (c46ca3c8310b of: Delete unnecessary check before calling "of_node_put()")
$ git merge devicetree/devicetree/next
Already up-to-date.
Merging dt-rh/for-next (a0e27f51ba8a documentation: pinctrl bindings: Fix trivial typo 'abitrary')
$ git merge dt-rh/for-next
Already up-to-date.
Merging mailbox/mailbox-for-next (9f3e3cacb2ff dt: mailbox: add generic bindings)
$ git merge mailbox/mailbox-for-next
Already up-to-date.
Merging spi/for-next (015760563ec7 spi: sh-msiof: Add runtime PM lock in initializing)
$ git merge spi/for-next
Auto-merging drivers/spi/spi-sh-msiof.c
Merge made by the 'recursive' strategy.
 drivers/spi/spi-sh-msiof.c | 5 +++++
 1 file changed, 5 insertions(+)
Merging tip/auto-latest (aa0f6b220f8a Merge branch 'x86/urgent')
$ git merge tip/auto-latest
Removing tools/perf/bench/mem-memset.c
Auto-merging kernel/events/core.c
Auto-merging arch/x86/kernel/cpu/perf_event_intel_uncore.c
Auto-merging arch/x86/include/uapi/asm/msr-index.h
Auto-merging arch/x86/include/asm/cpufeature.h
Auto-merging arch/x86/Kconfig
Merge made by the 'recursive' strategy.
 Documentation/x86/intel_mpx.txt               |  18 +-
 arch/x86/Kconfig                              |  30 ++-
 arch/x86/include/asm/cpufeature.h             |   2 +
 arch/x86/include/asm/debugreg.h               |   5 +
 arch/x86/include/asm/hw_breakpoint.h          |   1 +
 arch/x86/include/uapi/asm/msr-index.h         |   4 +
 arch/x86/kernel/cpu/amd.c                     |  19 ++
 arch/x86/kernel/cpu/perf_event_intel_uncore.c |  22 +-
 arch/x86/kernel/hw_breakpoint.c               |  45 ++--
 arch/x86/kernel/traps.c                       |   2 +-
 fs/proc/stat.c                                |   2 +-
 include/linux/kernel_stat.h                   |   1 +
 kernel/events/core.c                          |   4 +-
 kernel/irq/internals.h                        |   4 +
 kernel/irq/irqdesc.c                          |  52 +++++
 kernel/irq/proc.c                             |  22 +-
 scripts/kconfig/mconf.c                       |   4 +-
 tools/lib/api/fs/fs.c                         |  34 +++
 tools/lib/api/fs/fs.h                         |   3 +
 tools/perf/Documentation/perf-record.txt      |   7 +-
 tools/perf/Documentation/perf.txt             |   4 +
 tools/perf/Makefile.perf                      |   1 -
 tools/perf/bench/mem-memcpy.c                 | 286 +++++++++++++++++-------
 tools/perf/bench/mem-memset.c                 | 304 --------------------------
 tools/perf/builtin-buildid-cache.c            |  13 +-
 tools/perf/builtin-kvm.c                      |   3 +-
 tools/perf/builtin-trace.c                    |  12 +-
 tools/perf/perf.c                             |  14 +-
 tools/perf/tests/attr/base-record             |   2 +-
 tools/perf/tests/attr/base-stat               |   2 +-
 tools/perf/tests/parse-events.c               |  58 +++++
 tools/perf/ui/browsers/hists.c                |   2 +-
 tools/perf/ui/hist.c                          |   4 +-
 tools/perf/util/build-id.c                    |   9 +-
 tools/perf/util/callchain.c                   |   2 +-
 tools/perf/util/config.c                      |  10 +-
 tools/perf/util/evlist.c                      |  23 ++
 tools/perf/util/evlist.h                      |   1 +
 tools/perf/util/machine.c                     |  72 +++---
 tools/perf/util/parse-events.c                |  21 +-
 tools/perf/util/parse-events.h                |   2 +-
 tools/perf/util/parse-events.l                |   1 +
 tools/perf/util/parse-events.y                |  26 ++-
 tools/perf/util/record.c                      |  11 +-
 tools/perf/util/util.c                        |  26 +--
 tools/perf/util/util.h                        |   3 +-
 tools/thermal/tmon/sysfs.c                    |   6 +-
 47 files changed, 639 insertions(+), 560 deletions(-)
 delete mode 100644 tools/perf/bench/mem-memset.c
Merging clockevents/clockevents/next (b0ad5917960c ARM/ARM64: arch-timer: fix arch_timer_probed logic)
$ git merge clockevents/clockevents/next
Merge made by the 'recursive' strategy.
Merging edac/linux_next (fec53af531dd sb_edac: Fix typo computing number of banks)
$ git merge edac/linux_next
Already up-to-date.
Merging edac-amd/for-next (50872ccd8786 EDAC, MCE, AMD: Correct formatting of decoded text)
$ git merge edac-amd/for-next
Already up-to-date.
Merging irqchip/irqchip/for-next (5cc8f658723f Merge branch 'irqchip/irqdomain-arm' into irqchip/for-next)
$ git merge irqchip/irqchip/for-next
Already up-to-date!
Merge made by the 'recursive' strategy.
Merging tiny/tiny/next (f114040e3ea6 Linux 3.18-rc1)
$ git merge tiny/tiny/next
Already up-to-date.
Merging ftrace/for-next (0daa2302968c tracing: Add tp_printk cmdline to have tracepoints go to printk())
$ git merge ftrace/for-next
Already up-to-date.
Merging rcu/rcu/next (3cd05fcfa269 Merge tag 'v3.18-rc6' into HEAD)
$ git merge rcu/rcu/next
Already up-to-date!
Merge made by the 'recursive' strategy.
Merging uprobes/for-next (0326f5a94dde uprobes/core: Handle breakpoint and singlestep exceptions)
$ git merge uprobes/for-next
Already up-to-date.
Merging kvm/linux-next (333bce5aac9e Merge tag 'kvm-arm-for-3.19-take2' of git://git.kernel.org/pub/scm/linux/kernel/git/kvmarm/kvmarm into HEAD)
$ git merge kvm/linux-next
Auto-merging virt/kvm/kvm_main.c
Auto-merging virt/kvm/arm/vgic.c
Auto-merging include/linux/kvm_host.h
Auto-merging arch/x86/kvm/mmu.c
Auto-merging arch/x86/kvm/irq_comm.c
Auto-merging arch/x86/kvm/iommu.c
Auto-merging arch/x86/kvm/ioapic.h
Auto-merging arch/x86/kvm/ioapic.c
Auto-merging arch/x86/kvm/emulate.c
Auto-merging arch/x86/kvm/assigned-dev.c
Auto-merging arch/s390/mm/pgtable.c
Auto-merging arch/s390/kvm/priv.c
Auto-merging arch/s390/kvm/kvm-s390.c
Auto-merging arch/s390/include/asm/pgalloc.h
Removing arch/ia64/kvm/vtlb.c
Removing arch/ia64/kvm/vti.h
Removing arch/ia64/kvm/vmm_ivt.S
Removing arch/ia64/kvm/vmm.c
Removing arch/ia64/kvm/vcpu.h
Removing arch/ia64/kvm/vcpu.c
Removing arch/ia64/kvm/trampoline.S
Removing arch/ia64/kvm/process.c
Removing arch/ia64/kvm/optvfault.S
Removing arch/ia64/kvm/mmio.c
Removing arch/ia64/kvm/misc.h
Removing arch/ia64/kvm/memset.S
Removing arch/ia64/kvm/memcpy.S
Removing arch/ia64/kvm/lapic.h
Removing arch/ia64/kvm/kvm_minstate.h
Removing arch/ia64/kvm/kvm_lib.c
Removing arch/ia64/kvm/kvm_fw.c
CONFLICT (modify/delete): arch/ia64/kvm/kvm-ia64.c deleted in kvm/linux-next and modified in HEAD. Version HEAD of arch/ia64/kvm/kvm-ia64.c left in tree.
Removing arch/ia64/kvm/irq.h
Removing arch/ia64/kvm/asm-offsets.c
Removing arch/ia64/kvm/Makefile
Removing arch/ia64/kvm/Kconfig
Removing arch/ia64/include/uapi/asm/kvm.h
Removing arch/ia64/include/asm/pvclock-abi.h
Removing arch/ia64/include/asm/kvm_host.h
Auto-merging arch/ia64/Kconfig
Auto-merging arch/arm/kvm/mmu.c
Auto-merging MAINTAINERS
Removing Documentation/ia64/kvm.txt
Automatic merge failed; fix conflicts and then commit the result.
$ git rm -f arch/ia64/kvm/kvm-ia64.c
arch/ia64/kvm/kvm-ia64.c: needs merge
rm 'arch/ia64/kvm/kvm-ia64.c'
$ git commit -v -a
[master 43a0187d3c98] Merge remote-tracking branch 'kvm/linux-next'
$ git diff -M --stat --summary HEAD^..
 Documentation/ia64/kvm.txt               |   83 --
 Documentation/virtual/kvm/api.txt        |  102 +-
 Documentation/virtual/kvm/devices/vm.txt |   10 +-
 Documentation/virtual/kvm/msr.txt        |    2 +-
 MAINTAINERS                              |    9 -
 arch/arm/include/asm/kvm_emulate.h       |    5 +
 arch/arm/include/asm/kvm_host.h          |    2 -
 arch/arm/include/asm/kvm_mmu.h           |    6 +-
 arch/arm/kvm/arm.c                       |   78 +-
 arch/arm/kvm/guest.c                     |   26 -
 arch/arm/kvm/mmio.c                      |   15 +-
 arch/arm/kvm/mmu.c                       |   92 +-
 arch/arm/kvm/psci.c                      |   18 +
 arch/arm64/include/asm/kvm_emulate.h     |    5 +
 arch/arm64/include/asm/kvm_host.h        |    3 +-
 arch/arm64/include/asm/kvm_mmu.h         |    6 +-
 arch/arm64/kvm/guest.c                   |   26 -
 arch/ia64/Kconfig                        |    3 -
 arch/ia64/Makefile                       |    1 -
 arch/ia64/include/asm/kvm_host.h         |  609 --------
 arch/ia64/include/asm/pvclock-abi.h      |   48 -
 arch/ia64/include/uapi/asm/kvm.h         |  268 ----
 arch/ia64/kvm/Kconfig                    |   66 -
 arch/ia64/kvm/Makefile                   |   67 -
 arch/ia64/kvm/asm-offsets.c              |  241 ----
 arch/ia64/kvm/irq.h                      |   33 -
 arch/ia64/kvm/kvm-ia64.c                 | 1942 --------------------------
 arch/ia64/kvm/kvm_fw.c                   |  674 ---------
 arch/ia64/kvm/kvm_lib.c                  |   21 -
 arch/ia64/kvm/kvm_minstate.h             |  266 ----
 arch/ia64/kvm/lapic.h                    |   30 -
 arch/ia64/kvm/memcpy.S                   |    1 -
 arch/ia64/kvm/memset.S                   |    1 -
 arch/ia64/kvm/misc.h                     |   94 --
 arch/ia64/kvm/mmio.c                     |  336 -----
 arch/ia64/kvm/optvfault.S                | 1090 ---------------
 arch/ia64/kvm/process.c                  | 1024 --------------
 arch/ia64/kvm/trampoline.S               | 1038 --------------
 arch/ia64/kvm/vcpu.c                     | 2209 ------------------------------
 arch/ia64/kvm/vcpu.h                     |  752 ----------
 arch/ia64/kvm/vmm.c                      |   99 --
 arch/ia64/kvm/vmm_ivt.S                  | 1392 -------------------
 arch/ia64/kvm/vti.h                      |  290 ----
 arch/ia64/kvm/vtlb.c                     |  640 ---------
 arch/s390/include/asm/kvm_host.h         |   99 +-
 arch/s390/include/asm/pgalloc.h          |    1 +
 arch/s390/include/asm/sigp.h             |    1 +
 arch/s390/kvm/gaccess.c                  |   40 +-
 arch/s390/kvm/intercept.c                |   20 +-
 arch/s390/kvm/interrupt.c                | 1044 +++++++++-----
 arch/s390/kvm/kvm-s390.c                 |   22 +-
 arch/s390/kvm/kvm-s390.h                 |   11 +-
 arch/s390/kvm/priv.c                     |   95 +-
 arch/s390/kvm/sigp.c                     |  305 ++---
 arch/s390/mm/pgtable.c                   |   41 +-
 arch/x86/include/asm/kvm_host.h          |   27 +-
 arch/x86/include/asm/vmx.h               |    3 +
 arch/x86/include/asm/xsave.h             |    1 +
 arch/x86/include/uapi/asm/vmx.h          |    6 +-
 arch/x86/kernel/kvm.c                    |    9 +-
 arch/x86/kernel/kvmclock.c               |   20 +-
 arch/x86/kernel/xsave.c                  |    1 +
 arch/x86/kvm/Makefile                    |    7 +-
 {virt => arch/x86}/kvm/assigned-dev.c    |   30 +-
 arch/x86/kvm/assigned-dev.h              |   32 +
 arch/x86/kvm/cpuid.c                     |   57 +-
 arch/x86/kvm/emulate.c                   |  408 +++---
 {virt => arch/x86}/kvm/ioapic.c          |   12 -
 {virt => arch/x86}/kvm/ioapic.h          |    4 +-
 {virt => arch/x86}/kvm/iommu.c           |   11 +-
 {virt => arch/x86}/kvm/irq_comm.c        |   45 +-
 arch/x86/kvm/lapic.c                     |  210 ++-
 arch/x86/kvm/lapic.h                     |   14 +-
 arch/x86/kvm/mmu.c                       |    7 +-
 arch/x86/kvm/svm.c                       |   24 +-
 arch/x86/kvm/trace.h                     |   37 +
 arch/x86/kvm/vmx.c                       |  608 ++++----
 arch/x86/kvm/x86.c                       |  226 ++-
 arch/x86/kvm/x86.h                       |    3 +-
 include/kvm/arm_arch_timer.h             |   10 +-
 include/kvm/arm_vgic.h                   |   12 +-
 include/linux/kvm_host.h                 |  106 +-
 include/uapi/linux/kvm.h                 |   11 -
 virt/kvm/arm/arch_timer.c                |   30 +-
 virt/kvm/arm/vgic.c                      |  116 +-
 virt/kvm/eventfd.c                       |    7 -
 virt/kvm/kvm_main.c                      |  133 +-
 87 files changed, 2654 insertions(+), 14975 deletions(-)
 delete mode 100644 Documentation/ia64/kvm.txt
 delete mode 100644 arch/ia64/include/asm/kvm_host.h
 delete mode 100644 arch/ia64/include/asm/pvclock-abi.h
 delete mode 100644 arch/ia64/include/uapi/asm/kvm.h
 delete mode 100644 arch/ia64/kvm/Kconfig
 delete mode 100644 arch/ia64/kvm/Makefile
 delete mode 100644 arch/ia64/kvm/asm-offsets.c
 delete mode 100644 arch/ia64/kvm/irq.h
 delete mode 100644 arch/ia64/kvm/kvm-ia64.c
 delete mode 100644 arch/ia64/kvm/kvm_fw.c
 delete mode 100644 arch/ia64/kvm/kvm_lib.c
 delete mode 100644 arch/ia64/kvm/kvm_minstate.h
 delete mode 100644 arch/ia64/kvm/lapic.h
 delete mode 100644 arch/ia64/kvm/memcpy.S
 delete mode 100644 arch/ia64/kvm/memset.S
 delete mode 100644 arch/ia64/kvm/misc.h
 delete mode 100644 arch/ia64/kvm/mmio.c
 delete mode 100644 arch/ia64/kvm/optvfault.S
 delete mode 100644 arch/ia64/kvm/process.c
 delete mode 100644 arch/ia64/kvm/trampoline.S
 delete mode 100644 arch/ia64/kvm/vcpu.c
 delete mode 100644 arch/ia64/kvm/vcpu.h
 delete mode 100644 arch/ia64/kvm/vmm.c
 delete mode 100644 arch/ia64/kvm/vmm_ivt.S
 delete mode 100644 arch/ia64/kvm/vti.h
 delete mode 100644 arch/ia64/kvm/vtlb.c
 rename {virt => arch/x86}/kvm/assigned-dev.c (97%)
 create mode 100644 arch/x86/kvm/assigned-dev.h
 rename {virt => arch/x86}/kvm/ioapic.c (98%)
 rename {virt => arch/x86}/kvm/ioapic.h (94%)
 rename {virt => arch/x86}/kvm/iommu.c (96%)
 rename {virt => arch/x86}/kvm/irq_comm.c (89%)
Merging kvm-arm/next (05971120fca4 arm/arm64: KVM: Require in-kernel vgic for the arch timers)
$ git merge kvm-arm/next
Already up-to-date.
Merging kvm-ppc/kvm-ppc-next (e08e833616f7 KVM: cpuid: recompute CPUID 0xD.0:EBX,ECX)
$ git merge kvm-ppc/kvm-ppc-next
Already up-to-date.
Merging oprofile/for-next (6ce4eac1f600 Linux 3.13-rc1)
$ git merge oprofile/for-next
Already up-to-date.
Merging fw-nohz/nohz/next (74876a98a87a printk: Wake up klogd using irq_work)
$ git merge fw-nohz/nohz/next
Already up-to-date.
Merging xen-tip/linux-next (2e917175e1ef xen: Speed up set_phys_to_machine() by using read-only mappings)
$ git merge xen-tip/linux-next
Already up-to-date.
$ git am -3 ../patches/0001-arm-introduce-is_device_dma_coherent-merge-fix.patch
Applying: arm: introduce is_device_dma_coherent merge fix
$ git reset HEAD^
Unstaged changes after reset:
M	arch/arm/mm/dma-mapping.c
$ git add -A .
$ git commit -v -a --amend
[master 9a8a9b528fe3] Merge remote-tracking branch 'kvm/linux-next'
 Date: Thu Dec 18 14:10:11 2014 +1100
Merging percpu/for-next (bfaa047a9415 Merge branch 'for-3.18-fixes' into for-next)
$ git merge percpu/for-next
Already up-to-date!
Merge made by the 'recursive' strategy.
Merging workqueues/for-next (008847f66c38 workqueue: allow rescuer thread to do more work.)
$ git merge workqueues/for-next
Already up-to-date.
Merging drivers-x86/for-next (200db647112d platform/x86/acerhdf: Still depends on THERMAL)
$ git merge drivers-x86/for-next
Auto-merging drivers/platform/x86/thinkpad_acpi.c
Auto-merging drivers/platform/x86/sony-laptop.c
Auto-merging drivers/platform/x86/msi-laptop.c
Auto-merging drivers/platform/x86/intel_oaktrail.c
Auto-merging drivers/platform/x86/intel_ips.c
Auto-merging drivers/platform/x86/ideapad-laptop.c
Auto-merging drivers/platform/x86/fujitsu-laptop.c
Auto-merging drivers/platform/x86/eeepc-laptop.c
Auto-merging drivers/platform/x86/dell-laptop.c
Auto-merging drivers/platform/x86/asus-laptop.c
Auto-merging drivers/platform/x86/acerhdf.c
Merge made by the 'recursive' strategy.
 .../ABI/testing/sysfs-platform-dell-laptop         |   60 ++
 drivers/acpi/blacklist.c                           |   54 -
 drivers/platform/x86/Kconfig                       |    7 +-
 drivers/platform/x86/acerhdf.c                     |  265 +++--
 drivers/platform/x86/asus-laptop.c                 |    3 +-
 drivers/platform/x86/asus-nb-wmi.c                 |    9 +
 drivers/platform/x86/asus-wmi.c                    |    3 +-
 drivers/platform/x86/dell-laptop.c                 | 1057 +++++++++++++++++++-
 drivers/platform/x86/dell-smo8800.c                |   10 +-
 drivers/platform/x86/dell-wmi.c                    |  176 +++-
 drivers/platform/x86/eeepc-laptop.c                |  213 ++--
 drivers/platform/x86/fujitsu-laptop.c              |    6 +-
 drivers/platform/x86/hp-wireless.c                 |    3 +
 drivers/platform/x86/hp_accel.c                    |    1 +
 drivers/platform/x86/ideapad-laptop.c              |    3 +-
 drivers/platform/x86/intel_ips.c                   |    2 +-
 drivers/platform/x86/intel_oaktrail.c              |    3 +-
 drivers/platform/x86/msi-laptop.c                  |    2 +-
 drivers/platform/x86/msi-wmi.c                     |    3 +-
 drivers/platform/x86/sony-laptop.c                 |    6 +-
 drivers/platform/x86/thinkpad_acpi.c               |  116 ++-
 drivers/platform/x86/toshiba_acpi.c                |  166 +--
 22 files changed, 1767 insertions(+), 401 deletions(-)
 create mode 100644 Documentation/ABI/testing/sysfs-platform-dell-laptop
Merging chrome-platform/for-next (5502486a2077 platform/chrome: chromeos_laptop - Add a limit for deferred retries)
$ git merge chrome-platform/for-next
Already up-to-date.
Merging sysctl/master (4e474a00d7ff sysctl: protect poll() in entries that may go away)
$ git merge sysctl/master
Already up-to-date.
Merging regmap/for-next (b2776bf7149b Linux 3.18)
$ git merge regmap/for-next
Already up-to-date.
Merging hsi/for-next (d95dc9e38810 HSI: nokia-modem: fix error handling of irq_of_parse_and_map)
$ git merge hsi/for-next
Already up-to-date.
Merging leds/for-next (2969bb18f889 leds: lp8860: Fix module dependency)
$ git merge leds/for-next
Already up-to-date.
Merging ipmi/for-next (98e0721c20db ipmi: Fix compile issue with isspace())
$ git merge ipmi/for-next
Merge made by the 'recursive' strategy.
 drivers/char/ipmi/ipmi_msghandler.c | 46 ++++++++++++++-----------------------
 drivers/char/ipmi/ipmi_ssif.c       |  1 +
 2 files changed, 18 insertions(+), 29 deletions(-)
Merging driver-core/driver-core-next (2dbfca5a1819 Merge branch 'for-next' of git://git.kernel.org/pub/scm/linux/kernel/git/cooloney/linux-leds)
$ git merge driver-core/driver-core-next
Already up-to-date.
Merging tty/tty-next (2dbfca5a1819 Merge branch 'for-next' of git://git.kernel.org/pub/scm/linux/kernel/git/cooloney/linux-leds)
$ git merge tty/tty-next
Already up-to-date.
Merging usb/usb-next (2dbfca5a1819 Merge branch 'for-next' of git://git.kernel.org/pub/scm/linux/kernel/git/cooloney/linux-leds)
$ git merge usb/usb-next
Already up-to-date.
Merging usb-gadget/next (ebf3992061db usb: musb: Use IS_ENABLED for tusb6010)
$ git merge usb-gadget/next
Already up-to-date.
Merging usb-serial/usb-next (e7181d005e84 USB: qcserial: Add support for HP lt4112 LTE/HSPA+ Gobi 4G Modem)
$ git merge usb-serial/usb-next
Already up-to-date.
Merging staging/staging-next (2dbfca5a1819 Merge branch 'for-next' of git://git.kernel.org/pub/scm/linux/kernel/git/cooloney/linux-leds)
$ git merge staging/staging-next
Already up-to-date.
Merging char-misc/char-misc-next (67e2c3883828 Merge branch 'next' of git://git.kernel.org/pub/scm/linux/kernel/git/jmorris/linux-security)
$ git merge char-misc/char-misc-next
Already up-to-date.
Merging cgroup/for-next (eeecbd197151 cgroup: implement cgroup_get_e_css())
$ git merge cgroup/for-next
Already up-to-date.
Merging scsi/for-next (49f096fcbaec Merge remote-tracking branch 'scsi-queue/drivers-for-3.19' into for-next)
$ git merge scsi/for-next
Auto-merging drivers/infiniband/ulp/srp/ib_srp.c
Merge made by the 'recursive' strategy.
 drivers/infiniband/ulp/srp/ib_srp.c        |   1 -
 drivers/infiniband/ulp/srpt/ib_srpt.c      |  10 +--
 drivers/scsi/53c700.c                      |  41 +---------
 drivers/scsi/Kconfig                       |  17 ++---
 drivers/scsi/advansys.c                    |   8 +-
 drivers/scsi/aic94xx/aic94xx_init.c        |   1 -
 drivers/scsi/bnx2fc/bnx2fc_fcoe.c          |   1 -
 drivers/scsi/bnx2fc/bnx2fc_io.c            |   6 +-
 drivers/scsi/csiostor/csio_scsi.c          |   5 +-
 drivers/scsi/esas2r/esas2r_flash.c         |   4 +-
 drivers/scsi/esas2r/esas2r_main.c          |   1 -
 drivers/scsi/fcoe/fcoe.c                   |   1 -
 drivers/scsi/fnic/fnic_main.c              |   1 -
 drivers/scsi/ibmvscsi/ibmvfc.c             |   2 -
 drivers/scsi/ipr.c                         | 116 +++++++++++------------------
 drivers/scsi/ipr.h                         |   4 +-
 drivers/scsi/isci/init.c                   |   1 -
 drivers/scsi/libsas/sas_scsi_host.c        |   8 --
 drivers/scsi/lpfc/lpfc_scsi.c              |   2 -
 drivers/scsi/mpt2sas/mpt2sas_scsih.c       |   1 -
 drivers/scsi/mpt2sas/mpt2sas_transport.c   |   5 +-
 drivers/scsi/mpt3sas/mpt3sas_scsih.c       |   1 -
 drivers/scsi/mpt3sas/mpt3sas_transport.c   |   5 +-
 drivers/scsi/mvsas/mv_init.c               |   1 -
 drivers/scsi/pm8001/pm8001_init.c          |   1 -
 drivers/scsi/pmcraid.c                     |   1 -
 drivers/scsi/qla2xxx/qla_init.c            |   2 -
 drivers/scsi/qla2xxx/qla_os.c              |   1 -
 drivers/scsi/qla2xxx/qla_target.c          |  12 +--
 drivers/scsi/scsi.c                        |  22 ------
 drivers/scsi/scsi_debug.c                  |  62 +++++----------
 drivers/scsi/scsi_devinfo.c                |   1 +
 drivers/scsi/scsi_lib.c                    |   4 +-
 drivers/scsi/scsi_sysfs.c                  |  30 +-------
 drivers/scsi/scsi_transport_spi.c          |   2 +-
 drivers/scsi/storvsc_drv.c                 |   7 +-
 drivers/target/iscsi/iscsi_target.c        |  14 ++--
 drivers/target/loopback/tcm_loop.c         |   5 +-
 drivers/target/sbp/sbp_target.c            |   2 +-
 drivers/target/target_core_pscsi.c         |   2 +-
 drivers/target/target_core_sbc.c           |   2 +-
 drivers/target/target_core_spc.c           |   4 +-
 drivers/target/target_core_transport.c     |  16 ++--
 drivers/target/tcm_fc/tfc_cmd.c            |   8 +-
 drivers/usb/gadget/legacy/tcm_usb_gadget.c |  10 +--
 drivers/xen/xen-scsiback.c                 |   2 +-
 include/scsi/libsas.h                      |   1 -
 include/scsi/scsi_host.h                   |  13 ----
 include/scsi/scsi_tcq.h                    |  36 ---------
 include/target/target_core_base.h          |   6 ++
 include/trace/events/target.h              |   8 +-
 51 files changed, 151 insertions(+), 366 deletions(-)
Merging target-updates/for-next (6bf6ca7515c1 iscsi-target: Fail connection on short sendmsg writes)
$ git merge target-updates/for-next
Auto-merging drivers/target/target_core_pscsi.c
Auto-merging drivers/target/target_core_pr.c
Auto-merging drivers/target/loopback/tcm_loop.c
Auto-merging drivers/target/iscsi/iscsi_target_util.c
Auto-merging drivers/target/iscsi/iscsi_target.c
Merge made by the 'recursive' strategy.
 drivers/infiniband/ulp/isert/ib_isert.c       | 1599 +++++++++++++------------
 drivers/infiniband/ulp/isert/ib_isert.h       |   80 +-
 drivers/target/iscsi/iscsi_target.c           |    1 +
 drivers/target/iscsi/iscsi_target_core.h      |    1 -
 drivers/target/iscsi/iscsi_target_login.c     |   11 +-
 drivers/target/iscsi/iscsi_target_tpg.c       |    1 -
 drivers/target/iscsi/iscsi_target_transport.c |    3 +-
 drivers/target/iscsi/iscsi_target_util.c      |   26 +-
 drivers/target/loopback/tcm_loop.c            |   66 +-
 drivers/target/loopback/tcm_loop.h            |    7 +-
 drivers/target/target_core_configfs.c         |  344 ++----
 drivers/target/target_core_device.c           |   90 +-
 drivers/target/target_core_file.c             |   42 +
 drivers/target/target_core_hba.c              |    7 +-
 drivers/target/target_core_iblock.c           |   42 +
 drivers/target/target_core_internal.h         |   28 -
 drivers/target/target_core_pr.c               |  120 +-
 drivers/target/target_core_pscsi.c            |   26 +
 drivers/target/target_core_rd.c               |   41 +
 drivers/target/target_core_user.c             |   42 +
 include/target/target_core_backend.h          |   43 +
 include/target/target_core_backend_configfs.h |  120 ++
 22 files changed, 1507 insertions(+), 1233 deletions(-)
 create mode 100644 include/target/target_core_backend_configfs.h
Merging target-merge/for-next-merge (b28a960c42fc Linux 3.14-rc2)
$ git merge target-merge/for-next-merge
Already up-to-date.
Merging writeback/writeback-for-next (f9b0e058cbd0 writeback: Fix data corruption on NFS)
$ git merge writeback/writeback-for-next
Already up-to-date.
Merging hwspinlock/linux-next (8b37fcfc9b34 hwspinlock: add MAINTAINERS entries)
$ git merge hwspinlock/linux-next
Already up-to-date.
Merging pinctrl/for-next (96dfdff694ae pinctrl: rockchip: Fix enable/disable/mask/unmask)
$ git merge pinctrl/for-next
Merge made by the 'recursive' strategy.
 drivers/pinctrl/pinctrl-rockchip.c | 57 ++++++++++++++++++++++++++++++++++++--
 1 file changed, 54 insertions(+), 3 deletions(-)
Merging vhost/linux-next (5ff16110c637 virtio_pci: restore module attributes)
$ git merge vhost/linux-next
Merge made by the 'recursive' strategy.
 drivers/misc/mic/host/mic_debugfs.c    |  18 +++--
 drivers/vhost/vringh.c                 | 125 ++++++++++++++++++++-------------
 drivers/virtio/virtio.c                |  37 ++++++----
 drivers/virtio/virtio_pci_common.c     |  39 +++++++++-
 drivers/virtio/virtio_pci_common.h     |   7 +-
 drivers/virtio/virtio_pci_legacy.c     |  24 +------
 include/linux/virtio_config.h          |  29 +++++++-
 include/linux/vringh.h                 |  37 +++++++++-
 include/uapi/linux/virtio_pci.h        |  15 ++--
 tools/virtio/Makefile                  |   2 +-
 tools/virtio/linux/virtio.h            |   1 +
 tools/virtio/linux/virtio_byteorder.h  |   8 +++
 tools/virtio/linux/virtio_config.h     |  70 +++++++++++++++++-
 tools/virtio/uapi/linux/virtio_types.h |   1 +
 tools/virtio/virtio_test.c             |  15 +++-
 tools/virtio/vringh_test.c             |   5 +-
 16 files changed, 324 insertions(+), 109 deletions(-)
 create mode 100644 tools/virtio/linux/virtio_byteorder.h
 create mode 100644 tools/virtio/uapi/linux/virtio_types.h
Merging remoteproc/for-next (9a3c4145af32 Linux 3.16-rc6)
$ git merge remoteproc/for-next
Already up-to-date.
Merging rpmsg/for-next (b1b9891441fa rpmsg: use less buffers when vrings are small)
$ git merge rpmsg/for-next
Already up-to-date.
Merging gpio/for-next (170680abd1eb gpio: mcp23s08: fix up compilation error)
$ git merge gpio/for-next
Already up-to-date.
Merging dma-mapping/dma-mapping-next (dda02fd6278d mm, cma: make parameters order consistent in func declaration and definition)
$ git merge dma-mapping/dma-mapping-next
Already up-to-date.
Merging pwm/for-next (39e046f2c1dd pwm: atmel-hlcdc: add at91sam9x5 and sama5d3 errata handling)
$ git merge pwm/for-next
Already up-to-date.
Merging dma-buf/for-next (101e31050bf1 dma-buf/fence: Fix one more kerneldoc warning)
$ git merge dma-buf/for-next
Merge made by the 'recursive' strategy.
Merging userns/for-next (db86da7cb76f userns: Unbreak the unprivileged remount tests)
$ git merge userns/for-next
Already up-to-date.
Merging ktest/for-next (17150fef4ab1 ktest: Add back "tail -1" to kernelrelease make)
$ git merge ktest/for-next
Already up-to-date.
Merging signal/for-next (20b4fb485227 Merge branch 'for-linus' of git://git.kernel.org/pub/scm/linux/kernel/git/viro/vfs)
$ git merge signal/for-next
Already up-to-date.
Merging clk/clk-next (f1e9203e2366 clk: samsung: Fix Exynos 5420 pinctrl setup and clock disable failure due to domain being gated)
$ git merge clk/clk-next
Auto-merging drivers/clk/samsung/clk-exynos-audss.c
Auto-merging drivers/clk/clk-s2mps11.c
Auto-merging arch/mips/alchemy/common/clock.c
Auto-merging arch/arm/boot/dts/Makefile
Auto-merging MAINTAINERS
Merge made by the 'recursive' strategy.
 Documentation/clk.txt                              |   2 +-
 .../devicetree/bindings/clock/marvell,mmp2.txt     |  21 +
 .../devicetree/bindings/clock/marvell,pxa168.txt   |  21 +
 .../devicetree/bindings/clock/marvell,pxa910.txt   |  21 +
 .../bindings/clock/renesas,cpg-div6-clocks.txt     |  18 +-
 .../bindings/clock/renesas,cpg-mstp-clocks.txt     |   8 +-
 MAINTAINERS                                        |   3 +-
 arch/arm/boot/dts/Makefile                         |   3 +
 arch/arm/boot/dts/mmp2-brownstone.dts              |   2 +-
 arch/arm/boot/dts/mmp2.dtsi                        |  29 +-
 arch/arm/boot/dts/pxa168-aspenite.dts              |   2 +-
 arch/arm/boot/dts/pxa168.dtsi                      |  27 +-
 arch/arm/boot/dts/pxa910-dkb.dts                   |   2 +-
 arch/arm/boot/dts/pxa910.dtsi                      |  28 +-
 arch/arm/mach-mmp/Kconfig                          |  12 +-
 arch/arm/mach-mmp/mmp-dt.c                         |  57 +--
 arch/arm/mach-mmp/mmp2-dt.c                        |  26 +-
 arch/arm/mach-omap2/cclock3xxx_data.c              |  23 +-
 arch/arm/mach-omap2/dpll3xxx.c                     |   6 +-
 arch/arm/mach-omap2/dpll44xx.c                     |   6 +-
 arch/mips/alchemy/common/clock.c                   |  10 +-
 drivers/clk/at91/clk-programmable.c                |   4 +-
 drivers/clk/bcm/clk-kona.c                         |   4 +-
 drivers/clk/clk-composite.c                        |   9 +-
 drivers/clk/clk-mux.c                              |   2 +-
 drivers/clk/clk-s2mps11.c                          |   2 +-
 drivers/clk/clk.c                                  |  42 +-
 drivers/clk/hisilicon/clk-hi3620.c                 |  72 +--
 drivers/clk/mmp/Makefile                           |   7 +-
 drivers/clk/mmp/clk-frac.c                         |  74 ++-
 drivers/clk/mmp/clk-gate.c                         | 133 ++++++
 drivers/clk/mmp/clk-mix.c                          | 513 +++++++++++++++++++++
 drivers/clk/mmp/clk-mmp2.c                         |   6 +-
 drivers/clk/mmp/clk-of-mmp2.c                      | 334 ++++++++++++++
 drivers/clk/mmp/clk-of-pxa168.c                    | 279 +++++++++++
 drivers/clk/mmp/clk-of-pxa910.c                    | 301 ++++++++++++
 drivers/clk/mmp/clk-pxa168.c                       |   6 +-
 drivers/clk/mmp/clk-pxa910.c                       |   6 +-
 drivers/clk/mmp/clk.c                              | 192 ++++++++
 drivers/clk/mmp/clk.h                              | 226 ++++++++-
 drivers/clk/mmp/reset.c                            |  99 ++++
 drivers/clk/mmp/reset.h                            |  31 ++
 drivers/clk/pxa/Makefile                           |   1 +
 drivers/clk/pxa/clk-pxa.c                          |  45 +-
 drivers/clk/pxa/clk-pxa.h                          |   9 +-
 drivers/clk/pxa/clk-pxa25x.c                       | 273 +++++++++++
 drivers/clk/pxa/clk-pxa27x.c                       |   9 +-
 drivers/clk/qcom/clk-pll.c                         |   2 +-
 drivers/clk/qcom/clk-rcg.c                         |  20 +-
 drivers/clk/qcom/clk-rcg2.c                        |  28 +-
 drivers/clk/rockchip/Makefile                      |   1 +
 drivers/clk/rockchip/clk-mmc-phase.c               | 154 +++++++
 drivers/clk/rockchip/clk-pll.c                     |  81 +++-
 drivers/clk/rockchip/clk-rk3188.c                  |  79 ++--
 drivers/clk/rockchip/clk-rk3288.c                  | 246 ++++++----
 drivers/clk/rockchip/clk.c                         |  20 +-
 drivers/clk/rockchip/clk.h                         |  45 +-
 drivers/clk/samsung/clk-exynos-audss.c             |  33 +-
 drivers/clk/samsung/clk-exynos4.c                  |   2 +-
 drivers/clk/samsung/clk-exynos4415.c               |   6 +-
 drivers/clk/samsung/clk.c                          |   4 +-
 drivers/clk/samsung/clk.h                          |   6 +-
 drivers/clk/shmobile/clk-div6.c                    | 113 ++++-
 drivers/clk/sunxi/clk-factors.c                    |   4 +-
 drivers/clk/sunxi/clk-sun6i-ar100.c                |   4 +-
 include/dt-bindings/clock/marvell,mmp2.h           |  74 +++
 include/dt-bindings/clock/marvell,pxa168.h         |  57 +++
 include/dt-bindings/clock/marvell,pxa910.h         |  54 +++
 include/dt-bindings/clock/rk3288-cru.h             |  13 +
 include/linux/clk-provider.h                       |   8 +-
 include/linux/clk/ti.h                             |   4 +-
 71 files changed, 3630 insertions(+), 434 deletions(-)
 create mode 100644 Documentation/devicetree/bindings/clock/marvell,mmp2.txt
 create mode 100644 Documentation/devicetree/bindings/clock/marvell,pxa168.txt
 create mode 100644 Documentation/devicetree/bindings/clock/marvell,pxa910.txt
 create mode 100644 drivers/clk/mmp/clk-gate.c
 create mode 100644 drivers/clk/mmp/clk-mix.c
 create mode 100644 drivers/clk/mmp/clk-of-mmp2.c
 create mode 100644 drivers/clk/mmp/clk-of-pxa168.c
 create mode 100644 drivers/clk/mmp/clk-of-pxa910.c
 create mode 100644 drivers/clk/mmp/clk.c
 create mode 100644 drivers/clk/mmp/reset.c
 create mode 100644 drivers/clk/mmp/reset.h
 create mode 100644 drivers/clk/pxa/clk-pxa25x.c
 create mode 100644 drivers/clk/rockchip/clk-mmc-phase.c
 create mode 100644 include/dt-bindings/clock/marvell,mmp2.h
 create mode 100644 include/dt-bindings/clock/marvell,pxa168.h
 create mode 100644 include/dt-bindings/clock/marvell,pxa910.h
Merging random/dev (7185ad2672a7 crypto: memzero_explicit - make sure to clear out sensitive data)
$ git merge random/dev
Already up-to-date.
Merging lzo-update/lzo-update (42b775abafaf lib/lzo: huge LZO decompression speedup on ARM by using unaligned access)
$ git merge lzo-update/lzo-update
Auto-merging lib/lzo/lzo1x_decompress_safe.c
Merge made by the 'recursive' strategy.
 lib/lzo/lzo1x_decompress_safe.c | 4 ++++
 lib/lzo/lzodefs.h               | 6 ++++++
 2 files changed, 10 insertions(+)
Merging aio/master (5f785de58873 aio: Skip timer for io_getevents if timeout=0)
$ git merge aio/master
Already up-to-date.
Merging llvmlinux/for-next (25d4aee23af2 arm: LLVMLinux: Use global stack register variable for percpu)
$ git merge llvmlinux/for-next
Merge made by the 'recursive' strategy.
Merging documentation/for-next (0415447aa3b4 Documentation: fix broken v4l-utils URL)
$ git merge documentation/for-next
Already up-to-date.
Merging kselftest/next (0df1f2487d2f Linux 3.18-rc3)
$ git merge kselftest/next
Already up-to-date.
Merging y2038/y2038 (45446a99cef6 staging: media: lirc: Replace timeval with ktime_t in lirc_parallel.c)
$ git merge y2038/y2038
Resolved 'drivers/staging/ft1000/ft1000-pcmcia/ft1000_hw.c' using previous resolution.
Resolved 'drivers/staging/ft1000/ft1000-usb/ft1000_debug.c' using previous resolution.
Resolved 'drivers/staging/media/lirc/lirc_sasem.c' using previous resolution.
Auto-merging kernel/cpuset.c
Auto-merging drivers/staging/media/lirc/lirc_serial.c
Auto-merging drivers/staging/media/lirc/lirc_sasem.c
CONFLICT (content): Merge conflict in drivers/staging/media/lirc/lirc_sasem.c
Auto-merging drivers/staging/media/lirc/lirc_parallel.c
Auto-merging drivers/staging/ft1000/ft1000-usb/ft1000_hw.c
Auto-merging drivers/staging/ft1000/ft1000-usb/ft1000_debug.c
CONFLICT (content): Merge conflict in drivers/staging/ft1000/ft1000-usb/ft1000_debug.c
Auto-merging drivers/staging/ft1000/ft1000-pcmcia/ft1000_hw.c
CONFLICT (content): Merge conflict in drivers/staging/ft1000/ft1000-pcmcia/ft1000_hw.c
Automatic merge failed; fix conflicts and then commit the result.
$ git commit -v -a
[master 3a8ddb2e2392] Merge remote-tracking branch 'y2038/y2038'
$ git diff -M --stat --summary HEAD^..
 drivers/staging/ft1000/ft1000-pcmcia/ft1000_hw.c |  6 +--
 drivers/staging/ft1000/ft1000-usb/ft1000_debug.c |  6 +--
 drivers/staging/ft1000/ft1000-usb/ft1000_hw.c    |  6 +--
 drivers/staging/ft1000/ft1000.h                  |  4 +-
 drivers/staging/gdm72xx/gdm_sdio.c               | 13 +++---
 drivers/staging/gdm72xx/gdm_sdio.h               |  4 +-
 drivers/staging/media/lirc/lirc_parallel.c       | 35 +++++++----------
 drivers/staging/media/lirc/lirc_sasem.c          | 20 +++++-----
 drivers/staging/media/lirc/lirc_serial.c         | 50 ++++++++----------------
 kernel/cpuset.c                                  | 12 ++++--
 10 files changed, 69 insertions(+), 87 deletions(-)
Merging luto-misc/next (6ce4436c9cbe Merge tag 'please-pull-morepstore' of git://git.kernel.org/pub/scm/linux/kernel/git/aegl/linux)
$ git merge luto-misc/next
Already up-to-date.
Merging access_once/linux-next (172c4a69a8cb arm/rpc: avoid static keyword removal via define)
$ git merge access_once/linux-next
Auto-merging mm/rmap.c
Auto-merging mm/memory.c
Auto-merging mm/gup.c
Auto-merging lib/Makefile
Auto-merging arch/x86/include/asm/spinlock.h
Auto-merging arch/s390/kvm/gaccess.c
Auto-merging arch/mips/mm/gup.c
Merge made by the 'recursive' strategy.
 arch/arm/boot/compressed/Makefile |  5 +--
 arch/arm/include/asm/spinlock.h   |  4 +--
 arch/arm64/include/asm/spinlock.h |  4 +--
 arch/mips/mm/gup.c                |  2 +-
 arch/s390/kvm/gaccess.c           | 18 ++++------
 arch/x86/include/asm/spinlock.h   |  8 ++---
 arch/x86/mm/gup.c                 |  2 +-
 include/linux/compiler.h          | 70 +++++++++++++++++++++++++++++++++++++++
 lib/Makefile                      |  2 +-
 lib/access.c                      |  8 +++++
 mm/gup.c                          |  2 +-
 mm/memory.c                       | 11 +++++-
 mm/rmap.c                         |  3 +-
 13 files changed, 111 insertions(+), 28 deletions(-)
 create mode 100644 lib/access.c
$ git am -3 ../patches/0001-x86-xen-p2m-Replace-ACCESS_ONCE-with-READ_ONCE.patch
Applying: x86/xen/p2m: Replace ACCESS_ONCE with READ_ONCE
$ git reset HEAD^
Unstaged changes after reset:
M	arch/x86/xen/p2m.c
$ git add -A .
$ git commit -v -a --amend
[master 1deabd2505be] Merge remote-tracking branch 'access_once/linux-next'
 Date: Thu Dec 18 14:26:42 2014 +1100
Merging akpm-current/current (350b61c87ab5 metag: Align thread_info::supervisor_stack)
$ git merge --no-ff akpm-current/current
Auto-merging mm/rmap.c
Auto-merging mm/mempolicy.c
Auto-merging mm/memory.c
Auto-merging mm/madvise.c
Auto-merging mm/huge_memory.c
CONFLICT (modify/delete): mm/fremap.c deleted in akpm-current/current and modified in HEAD. Version HEAD of mm/fremap.c left in tree.
Auto-merging lib/Makefile
Auto-merging init/main.c
Auto-merging init/Kconfig
Auto-merging include/linux/fs.h
Auto-merging drivers/leds/Kconfig
Auto-merging drivers/input/input.c
Auto-merging arch/xtensa/include/uapi/asm/mman.h
Auto-merging arch/tile/kernel/signal.c
Automatic merge failed; fix conflicts and then commit the result.
$ git rm -f mm/fremap.c
mm/fremap.c: needs merge
rm 'mm/fremap.c'
$ git commit -v -a
[master 241641785e8f] Merge branch 'akpm-current/current'
$ git diff -M --stat --summary HEAD^..
 .../devicetree/bindings/i2c/trivial-devices.txt    |   2 +-
 Documentation/filesystems/vfat.txt                 |  10 +
 Documentation/leds/leds-class.txt                  |   3 -
 Documentation/printk-formats.txt                   |   6 +
 Documentation/vm/remap_file_pages.txt              |   7 +-
 arch/alpha/include/asm/thread_info.h               |   5 -
 arch/alpha/include/uapi/asm/mman.h                 |   1 +
 arch/alpha/kernel/signal.c                         |   2 +-
 arch/arc/include/asm/thread_info.h                 |   4 -
 arch/arc/kernel/signal.c                           |   2 +-
 arch/arm/include/asm/pgtable-3level.h              |   1 +
 arch/arm/include/asm/thread_info.h                 |   4 -
 arch/arm/kernel/signal.c                           |   4 +-
 arch/arm64/include/asm/pgtable.h                   |   2 +
 arch/arm64/include/asm/thread_info.h               |   4 -
 arch/arm64/kernel/signal.c                         |   2 +-
 arch/arm64/kernel/signal32.c                       |   4 +-
 arch/avr32/include/asm/thread_info.h               |   4 -
 arch/avr32/kernel/asm-offsets.c                    |   1 -
 arch/avr32/kernel/signal.c                         |   2 +-
 arch/blackfin/include/asm/thread_info.h            |   4 -
 arch/blackfin/kernel/signal.c                      |   2 +-
 arch/c6x/include/asm/thread_info.h                 |   4 -
 arch/c6x/kernel/signal.c                           |   2 +-
 arch/cris/arch-v10/kernel/signal.c                 |   2 +-
 arch/cris/arch-v32/kernel/signal.c                 |   2 +-
 arch/cris/include/asm/thread_info.h                |   4 -
 arch/frv/include/asm/thread_info.h                 |   4 -
 arch/frv/kernel/asm-offsets.c                      |   1 -
 arch/frv/kernel/signal.c                           |   2 +-
 arch/hexagon/include/asm/thread_info.h             |   4 -
 arch/hexagon/kernel/signal.c                       |   2 +-
 arch/ia64/include/asm/thread_info.h                |   4 -
 arch/ia64/kernel/signal.c                          |   2 +-
 arch/m32r/include/asm/thread_info.h                |   5 -
 arch/m32r/kernel/signal.c                          |   2 +-
 arch/m68k/include/asm/thread_info.h                |   4 -
 arch/m68k/kernel/signal.c                          |   4 +-
 arch/metag/include/asm/thread_info.h               |   6 +-
 arch/metag/kernel/signal.c                         |   2 +-
 arch/microblaze/include/asm/thread_info.h          |   4 -
 arch/microblaze/kernel/signal.c                    |   2 +-
 arch/mips/include/asm/thread_info.h                |   4 -
 arch/mips/include/uapi/asm/mman.h                  |   1 +
 arch/mips/kernel/asm-offsets.c                     |   1 -
 arch/mips/kernel/signal.c                          |   2 +-
 arch/mips/kernel/signal32.c                        |   2 +-
 arch/mn10300/include/asm/thread_info.h             |   4 -
 arch/mn10300/kernel/asm-offsets.c                  |   1 -
 arch/mn10300/kernel/signal.c                       |   2 +-
 arch/openrisc/include/asm/thread_info.h            |   4 -
 arch/openrisc/kernel/signal.c                      |   2 +-
 arch/parisc/include/asm/thread_info.h              |   4 -
 arch/parisc/include/uapi/asm/mman.h                |   1 +
 arch/parisc/kernel/signal.c                        |   2 +-
 arch/powerpc/include/asm/pgtable-ppc64.h           |   2 +
 arch/powerpc/include/asm/thread_info.h             |   4 -
 arch/powerpc/kernel/signal_32.c                    |   4 +-
 arch/powerpc/kernel/signal_64.c                    |   2 +-
 arch/s390/include/asm/thread_info.h                |   4 -
 arch/s390/kernel/compat_signal.c                   |   2 +-
 arch/s390/kernel/signal.c                          |   2 +-
 arch/score/include/asm/thread_info.h               |   4 -
 arch/score/kernel/asm-offsets.c                    |   1 -
 arch/score/kernel/signal.c                         |   2 +-
 arch/sh/include/asm/thread_info.h                  |   4 -
 arch/sh/kernel/asm-offsets.c                       |   1 -
 arch/sh/kernel/signal_32.c                         |   4 +-
 arch/sh/kernel/signal_64.c                         |   4 +-
 arch/sparc/include/asm/pgtable_64.h                |   9 +
 arch/sparc/include/asm/thread_info_32.h            |   6 -
 arch/sparc/include/asm/thread_info_64.h            |  12 +-
 arch/sparc/kernel/signal32.c                       |   4 +-
 arch/sparc/kernel/signal_32.c                      |   2 +-
 arch/sparc/kernel/signal_64.c                      |   2 +-
 arch/sparc/kernel/traps_64.c                       |   2 -
 arch/tile/include/asm/thread_info.h                |   4 -
 arch/tile/kernel/signal.c                          |   2 +-
 arch/um/include/asm/thread_info.h                  |   4 -
 arch/unicore32/include/asm/thread_info.h           |   4 -
 arch/unicore32/kernel/signal.c                     |   2 +-
 arch/x86/ia32/ia32_signal.c                        |   2 +-
 arch/x86/include/asm/pgtable.h                     |   5 +
 arch/x86/include/asm/thread_info.h                 |   4 -
 arch/x86/kernel/machine_kexec_64.c                 |   1 +
 arch/x86/kernel/signal.c                           |   2 +-
 arch/x86/um/signal.c                               |   2 +-
 arch/xtensa/include/asm/thread_info.h              |   5 -
 arch/xtensa/include/uapi/asm/mman.h                |   1 +
 arch/xtensa/kernel/signal.c                        |   2 +-
 block/genhd.c                                      |   2 +-
 drivers/input/Kconfig                              |   9 +
 drivers/input/Makefile                             |   3 +
 drivers/input/input.c                              |   9 +
 drivers/input/leds.c                               | 272 ++++++++++++++++
 drivers/leds/Kconfig                               |   3 -
 drivers/misc/ti-st/st_core.c                       |   2 +-
 drivers/rtc/rtc-isl12057.c                         | 324 ++++++++++++++++++-
 drivers/tty/Kconfig                                |   4 +
 drivers/tty/vt/keyboard.c                          | 110 +++++--
 fs/ext4/fsync.c                                    |   5 +-
 fs/fat/cache.c                                     |  38 ++-
 fs/fat/fat.h                                       |   4 +
 fs/fat/file.c                                      |  62 ++++
 fs/fat/inode.c                                     |  68 +++-
 fs/hfsplus/catalog.c                               |  89 ++++--
 fs/hfsplus/dir.c                                   |  11 +-
 fs/hfsplus/hfsplus_fs.h                            |   4 +-
 fs/hfsplus/super.c                                 |   4 +-
 fs/mpage.c                                         |  23 +-
 fs/ocfs2/alloc.c                                   |  28 +-
 fs/ocfs2/alloc.h                                   |   2 +-
 fs/ocfs2/aops.c                                    | 274 ++++++++++++++--
 fs/ocfs2/dir.c                                     |   2 +-
 fs/ocfs2/dlm/dlmast.c                              |   6 +-
 fs/ocfs2/dlm/dlmmaster.c                           |  22 +-
 fs/ocfs2/dlm/dlmthread.c                           |  10 +
 fs/ocfs2/file.c                                    | 110 +++----
 fs/ocfs2/file.h                                    |   9 +
 fs/ocfs2/inode.c                                   |  10 +-
 fs/ocfs2/inode.h                                   |   2 +
 fs/ocfs2/journal.c                                 | 115 +++++--
 fs/ocfs2/journal.h                                 |   5 +
 fs/ocfs2/namei.c                                   | 348 +++++++++++++++++++++
 fs/ocfs2/namei.h                                   |   5 +
 fs/ocfs2/ocfs2.h                                   |  15 +
 fs/ocfs2/ocfs2_fs.h                                |   5 +-
 fs/ocfs2/ocfs2_trace.h                             |   3 +
 fs/ocfs2/super.c                                   |   2 +
 fs/proc/meminfo.c                                  |  15 +-
 fs/select.c                                        |   2 +-
 include/linux/cma.h                                |   1 +
 include/linux/crc64_ecma.h                         |  56 ++++
 include/linux/fs.h                                 |   8 +-
 include/linux/huge_mm.h                            |   4 +
 include/linux/init_task.h                          |   3 +
 include/linux/input.h                              |  28 ++
 include/linux/kexec.h                              |   2 +
 include/linux/oom.h                                |   5 -
 include/linux/rmap.h                               |   9 +-
 include/linux/sched.h                              |   2 +
 include/linux/string.h                             |   1 +
 include/linux/vm_event_item.h                      |   1 +
 include/uapi/asm-generic/mman-common.h             |   1 +
 init/Kconfig                                       |  16 -
 init/main.c                                        |   5 -
 kernel/compat.c                                    |   5 +-
 kernel/exit.c                                      |  12 +-
 kernel/futex.c                                     |   2 +-
 kernel/signal.c                                    |   2 +-
 kernel/time/alarmtimer.c                           |   2 +-
 kernel/time/hrtimer.c                              |   2 +-
 kernel/time/posix-cpu-timers.c                     |   3 +-
 lib/Kconfig                                        |   7 +
 lib/Makefile                                       |   1 +
 lib/crc64_ecma.c                                   | 341 ++++++++++++++++++++
 lib/show_mem.c                                     |   6 +
 lib/vsprintf.c                                     |  20 +-
 mm/Makefile                                        |   2 +-
 mm/cma.c                                           |   1 +
 mm/fremap.c                                        | 283 -----------------
 mm/huge_memory.c                                   |  35 +++
 mm/madvise.c                                       | 150 +++++++++
 mm/memory.c                                        |   8 +
 mm/memory_hotplug.c                                |  11 +-
 mm/mempolicy.c                                     |  10 +-
 mm/mmap.c                                          |  69 ++++
 mm/nommu.c                                         |   8 -
 mm/page_alloc.c                                    | 101 +++---
 mm/page_isolation.c                                |   7 +-
 mm/rmap.c                                          |  46 ++-
 mm/util.c                                          |  30 ++
 mm/vmscan.c                                        |  64 +++-
 mm/vmstat.c                                        |   1 +
 174 files changed, 2846 insertions(+), 846 deletions(-)
 create mode 100644 drivers/input/leds.c
 create mode 100644 include/linux/crc64_ecma.h
 create mode 100644 lib/crc64_ecma.c
 delete mode 100644 mm/fremap.c
$ git clone -s -l -n -q . ../rebase-tmp
$ cd ../rebase-tmp
$ git checkout -b akpm remotes/origin/akpm/master
Switched to a new branch 'akpm'
$ git rebase --onto master remotes/origin/akpm/master-base
First, rewinding head to replay your work on top of it...
Applying: drivers/gpio/gpio-zevio.c: fix build
Applying: tools/testing/selftests/Makefile: alphasort the TARGETS list
Applying: drivers/w1/w1_int.c: call put_device if device_register fails
Applying: mm: add strictlimit knob
$ cd ../next
$ git fetch -f ../rebase-tmp akpm:akpm/master
From ../rebase-tmp
 + f4d2e859ff44...682fb0d396c1 akpm       -> akpm/master  (forced update)
$ rm -rf ../rebase-tmp
Merging akpm/master (682fb0d396c1 mm: add strictlimit knob)
$ git merge --no-ff akpm/master
Merge made by the 'recursive' strategy.
 Documentation/ABI/testing/sysfs-class-bdi |  8 +++++++
 drivers/gpio/gpio-zevio.c                 |  4 ++++
 drivers/w1/w1_int.c                       |  3 +--
 mm/backing-dev.c                          | 35 +++++++++++++++++++++++++++++++
 tools/testing/selftests/Makefile          | 17 ++++++++-------
 5 files changed, 57 insertions(+), 10 deletions(-)
